Component: ARM Compiler 6.15 Tool: armlink [5dd79300]

==============================================================================

Section Cross References

    startup_stm32l476xx.o(RESET) refers to startup_stm32l476xx.o(STACK) for __initial_sp
    startup_stm32l476xx.o(RESET) refers to startup_stm32l476xx.o(.text) for Reset_Handler
    startup_stm32l476xx.o(RESET) refers to stm32l4xx_it.o(.text.NMI_Handler) for NMI_Handler
    startup_stm32l476xx.o(RESET) refers to stm32l4xx_it.o(.text.HardFault_Handler) for HardFault_Handler
    startup_stm32l476xx.o(RESET) refers to stm32l4xx_it.o(.text.MemManage_Handler) for MemManage_Handler
    startup_stm32l476xx.o(RESET) refers to stm32l4xx_it.o(.text.BusFault_Handler) for BusFault_Handler
    startup_stm32l476xx.o(RESET) refers to stm32l4xx_it.o(.text.UsageFault_Handler) for UsageFault_Handler
    startup_stm32l476xx.o(RESET) refers to stm32l4xx_it.o(.text.SVC_Handler) for SVC_Handler
    startup_stm32l476xx.o(RESET) refers to stm32l4xx_it.o(.text.DebugMon_Handler) for DebugMon_Handler
    startup_stm32l476xx.o(RESET) refers to stm32l4xx_it.o(.text.PendSV_Handler) for PendSV_Handler
    startup_stm32l476xx.o(RESET) refers to stm32l4xx_it.o(.text.SysTick_Handler) for SysTick_Handler
    startup_stm32l476xx.o(.text) refers to system_stm32l4xx.o(.text.SystemInit) for SystemInit
    startup_stm32l476xx.o(.text) refers to entry.o(.ARM.Collect$$$$00000000) for __main
    main.o(.text.main) refers to stm32l4xx_hal.o(.text.HAL_Init) for HAL_Init
    main.o(.text.main) refers to main.o(.text.SystemClock_Config) for SystemClock_Config
    main.o(.text.main) refers to gpio.o(.text.MX_GPIO_Init) for MX_GPIO_Init
    main.o(.text.main) refers to stm32l4xx_hal.o(.text.HAL_Delay) for HAL_Delay
    main.o(.text.main) refers to vl6180.o(.text.VL6180X_Read_ID) for VL6180X_Read_ID
    main.o(.text.main) refers to main.o(.bss.name) for name
    main.o(.text.main) refers to vl6180.o(.text.VL6180X_Init) for VL6180X_Init
    main.o(.text.main) refers to main.o(.bss.init_flag) for init_flag
    main.o(.text.main) refers to main.o(.bss.range) for range
    main.o(.text.main) refers to main.o(.bss.light) for light
    main.o(.text.main) refers to vl6180.o(.text.VL6180X_Read_Range) for VL6180X_Read_Range
    main.o(.text.main) refers to vl6180.o(.text.VL6180X_Read_Lux) for VL6180X_Read_Lux
    main.o(.ARM.exidx.text.main) refers to main.o(.text.main) for [Anonymous Symbol]
    main.o(.text.SystemClock_Config) refers to memseta.o(.text) for __aeabi_memclr4
    main.o(.text.SystemClock_Config) refers to stm32l4xx_hal_rcc.o(.text.HAL_RCC_OscConfig) for HAL_RCC_OscConfig
    main.o(.text.SystemClock_Config) refers to stm32l4xx_hal_rcc.o(.text.HAL_RCC_ClockConfig) for HAL_RCC_ClockConfig
    main.o(.text.SystemClock_Config) refers to stm32l4xx_hal_pwr_ex.o(.text.HAL_PWREx_ControlVoltageScaling) for HAL_PWREx_ControlVoltageScaling
    main.o(.text.SystemClock_Config) refers to main.o(.text.Error_Handler) for Error_Handler
    main.o(.ARM.exidx.text.SystemClock_Config) refers to main.o(.text.SystemClock_Config) for [Anonymous Symbol]
    main.o(.ARM.exidx.text.Error_Handler) refers to main.o(.text.Error_Handler) for [Anonymous Symbol]
    gpio.o(.text.MX_GPIO_Init) refers to stm32l4xx_hal_gpio.o(.text.HAL_GPIO_WritePin) for HAL_GPIO_WritePin
    gpio.o(.text.MX_GPIO_Init) refers to stm32l4xx_hal_gpio.o(.text.HAL_GPIO_Init) for HAL_GPIO_Init
    gpio.o(.ARM.exidx.text.MX_GPIO_Init) refers to gpio.o(.text.MX_GPIO_Init) for [Anonymous Symbol]
    stm32l4xx_it.o(.ARM.exidx.text.NMI_Handler) refers to stm32l4xx_it.o(.text.NMI_Handler) for [Anonymous Symbol]
    stm32l4xx_it.o(.ARM.exidx.text.HardFault_Handler) refers to stm32l4xx_it.o(.text.HardFault_Handler) for [Anonymous Symbol]
    stm32l4xx_it.o(.ARM.exidx.text.MemManage_Handler) refers to stm32l4xx_it.o(.text.MemManage_Handler) for [Anonymous Symbol]
    stm32l4xx_it.o(.ARM.exidx.text.BusFault_Handler) refers to stm32l4xx_it.o(.text.BusFault_Handler) for [Anonymous Symbol]
    stm32l4xx_it.o(.ARM.exidx.text.UsageFault_Handler) refers to stm32l4xx_it.o(.text.UsageFault_Handler) for [Anonymous Symbol]
    stm32l4xx_it.o(.ARM.exidx.text.SVC_Handler) refers to stm32l4xx_it.o(.text.SVC_Handler) for [Anonymous Symbol]
    stm32l4xx_it.o(.ARM.exidx.text.DebugMon_Handler) refers to stm32l4xx_it.o(.text.DebugMon_Handler) for [Anonymous Symbol]
    stm32l4xx_it.o(.ARM.exidx.text.PendSV_Handler) refers to stm32l4xx_it.o(.text.PendSV_Handler) for [Anonymous Symbol]
    stm32l4xx_it.o(.text.SysTick_Handler) refers to stm32l4xx_hal.o(.text.HAL_IncTick) for HAL_IncTick
    stm32l4xx_it.o(.ARM.exidx.text.SysTick_Handler) refers to stm32l4xx_it.o(.text.SysTick_Handler) for [Anonymous Symbol]
    stm32l4xx_hal_msp.o(.ARM.exidx.text.HAL_MspInit) refers to stm32l4xx_hal_msp.o(.text.HAL_MspInit) for [Anonymous Symbol]
    stm32l4xx_hal.o(.text.HAL_Init) refers to stm32l4xx_hal_cortex.o(.text.HAL_NVIC_SetPriorityGrouping) for HAL_NVIC_SetPriorityGrouping
[...]
    Removing stm32l4xx_hal.o(.ARM.exidx.text.HAL_GetREVID), (8 bytes).
    Removing stm32l4xx_hal.o(.text.HAL_GetDEVID), (16 bytes).
    Removing stm32l4xx_hal.o(.ARM.exidx.text.HAL_GetDEVID), (8 bytes).
    Removing stm32l4xx_hal.o(.text.HAL_GetUIDw0), (12 bytes).
    Removing stm32l4xx_hal.o(.ARM.exidx.text.HAL_GetUIDw0), (8 bytes).
    Removing stm32l4xx_hal.o(.text.HAL_GetUIDw1), (12 bytes).
    Removing stm32l4xx_hal.o(.ARM.exidx.text.HAL_GetUIDw1), (8 bytes).
    Removing stm32l4xx_hal.o(.text.HAL_GetUIDw2), (12 bytes).
    Removing stm32l4xx_hal.o(.ARM.exidx.text.HAL_GetUIDw2), (8 bytes).
    Removing stm32l4xx_hal.o(.text.HAL_DBGMCU_EnableDBGSleepMode), (18 bytes).
    Removing stm32l4xx_hal.o(.ARM.exidx.text.HAL_DBGMCU_EnableDBGSleepMode), (8 bytes).
    Removing stm32l4xx_hal.o(.text.HAL_DBGMCU_DisableDBGSleepMode), (18 bytes).
    Removing stm32l4xx_hal.o(.ARM.exidx.text.HAL_DBGMCU_DisableDBGSleepMode), (8 bytes).
    Removing stm32l4xx_hal.o(.text.HAL_DBGMCU_EnableDBGStopMode), (18 bytes).
    Removing stm32l4xx_hal.o(.ARM.exidx.text.HAL_DBGMCU_EnableDBGStopMode), (8 bytes).
    Removing stm32l4xx_hal.o(.text.HAL_DBGMCU_DisableDBGStopMode), (18 bytes).
    Removing stm32l4xx_hal.o(.ARM.exidx.text.HAL_DBGMCU_DisableDBGStopMode), (8 bytes).
    Removing stm32l4xx_hal.o(.text.HAL_DBGMCU_EnableDBGStandbyMode), (18 bytes).
    Removing stm32l4xx_hal.o(.ARM.exidx.text.HAL_DBGMCU_EnableDBGStandbyMode), (8 bytes).
    Removing stm32l4xx_hal.o(.text.HAL_DBGMCU_DisableDBGStandbyMode), (18 bytes).
    Removing stm32l4xx_hal.o(.ARM.exidx.text.HAL_DBGMCU_DisableDBGStandbyMode), (8 bytes).
    Removing stm32l4xx_hal.o(.text.HAL_SYSCFG_SRAM2Erase), (28 bytes).
    Removing stm32l4xx_hal.o(.ARM.exidx.text.HAL_SYSCFG_SRAM2Erase), (8 bytes).
    Removing stm32l4xx_hal.o(.text.HAL_SYSCFG_EnableMemorySwappingBank), (12 bytes).
    Removing stm32l4xx_hal.o(.ARM.exidx.text.HAL_SYSCFG_EnableMemorySwappingBank), (8 bytes).
    Removing stm32l4xx_hal.o(.text.HAL_SYSCFG_DisableMemorySwappingBank), (12 bytes).
    Removing stm32l4xx_hal.o(.ARM.exidx.text.HAL_SYSCFG_DisableMemorySwappingBank), (8 bytes).
    Removing stm32l4xx_hal.o(.text.HAL_SYSCFG_VREFBUF_VoltageScalingConfig), (18 bytes).
    Removing stm32l4xx_hal.o(.ARM.exidx.text.HAL_SYSCFG_VREFBUF_VoltageScalingConfig), (8 bytes).
    Removing stm32l4xx_hal.o(.text.HAL_SYSCFG_VREFBUF_HighImpedanceConfig), (18 bytes).
    Removing stm32l4xx_hal.o(.ARM.exidx.text.HAL_SYSCFG_VREFBUF_HighImpedanceConfig), (8 bytes).
    Removing stm32l4xx_hal.o(.text.HAL_SYSCFG_VREFBUF_TrimmingConfig), (18 bytes).
    Removing stm32l4xx_hal.o(.ARM.exidx.text.HAL_SYSCFG_VREFBUF_TrimmingConfig), (8 bytes).
    Removing stm32l4xx_hal.o(.text.HAL_SYSCFG_EnableVREFBUF), (48 bytes).
    Removing stm32l4xx_hal.o(.ARM.exidx.text.HAL_SYSCFG_EnableVREFBUF), (8 bytes).
    Removing stm32l4xx_hal.o(.text.HAL_SYSCFG_DisableVREFBUF), (16 bytes).
    Removing stm32l4xx_hal.o(.ARM.exidx.text.HAL_SYSCFG_DisableVREFBUF), (8 bytes).
    Removing stm32l4xx_hal.o(.text.HAL_SYSCFG_EnableIOAnalogSwitchBooster), (16 bytes).
    Removing stm32l4xx_hal.o(.ARM.exidx.text.HAL_SYSCFG_EnableIOAnalogSwitchBooster), (8 bytes).
    Removing stm32l4xx_hal.o(.text.HAL_SYSCFG_DisableIOAnalogSwitchBooster), (16 bytes).
    Removing stm32l4xx_hal.o(.ARM.exidx.text.HAL_SYSCFG_DisableIOAnalogSwitchBooster), (8 bytes).
    Removing stm32l4xx_hal_i2c.o(.text), (0 bytes).
    Removing stm32l4xx_hal_i2c.o(.text.HAL_I2C_Init), (152 bytes).
    Removing stm32l4xx_hal_i2c.o(.ARM.exidx.text.HAL_I2C_Init), (8 bytes).
    Removing stm32l4xx_hal_i2c.o(.text.HAL_I2C_MspInit), (2 bytes).
    Removing stm32l4xx_hal_i2c.o(.ARM.exidx.text.HAL_I2C_MspInit), (8 bytes).
    Removing stm32l4xx_hal_i2c.o(.text.HAL_I2C_DeInit), (46 bytes).
    Removing stm32l4xx_hal_i2c.o(.ARM.exidx.text.HAL_I2C_DeInit), (8 bytes).
    Removing stm32l4xx_hal_i2c.o(.text.HAL_I2C_MspDeInit), (2 bytes).
    Removing stm32l4xx_hal_i2c.o(.ARM.exidx.text.HAL_I2C_MspDeInit), (8 bytes).
    Removing stm32l4xx_hal_i2c.o(.text.HAL_I2C_Master_Transmit), (318 bytes).
    Removing stm32l4xx_hal_i2c.o(.ARM.exidx.text.HAL_I2C_Master_Transmit), (8 bytes).
    Removing stm32l4xx_hal_i2c.o(.text.I2C_WaitOnFlagUntilTimeout), (122 bytes).
    Removing stm32l4xx_hal_i2c.o(.ARM.exidx.text.I2C_WaitOnFlagUntilTimeout), (8 bytes).
    Removing stm32l4xx_hal_i2c.o(.text.I2C_TransferConfig), (48 bytes).
    Removing stm32l4xx_hal_i2c.o(.ARM.exidx.text.I2C_TransferConfig), (8 bytes).
    Removing stm32l4xx_hal_i2c.o(.text.I2C_WaitOnTXISFlagUntilTimeout), (90 bytes).
    Removing stm32l4xx_hal_i2c.o(.ARM.exidx.text.I2C_WaitOnTXISFlagUntilTimeout), (8 bytes).
    Removing stm32l4xx_hal_i2c.o(.text.I2C_WaitOnSTOPFlagUntilTimeout), (70 bytes).
    Removing stm32l4xx_hal_i2c.o(.ARM.exidx.text.I2C_WaitOnSTOPFlagUntilTimeout), (8 bytes).
    Removing stm32l4xx_hal_i2c.o(.text.HAL_I2C_Master_Receive), (322 bytes).
    Removing stm32l4xx_hal_i2c.o(.ARM.exidx.text.HAL_I2C_Master_Receive), (8 bytes).
    Removing stm32l4xx_hal_i2c.o(.text.I2C_WaitOnRXNEFlagUntilTimeout), (120 bytes).
    Removing stm32l4xx_hal_i2c.o(.ARM.exidx.text.I2C_WaitOnRXNEFlagUntilTimeout), (8 bytes).
    Removing stm32l4xx_hal_i2c.o(.text.HAL_I2C_Slave_Transmit), (328 bytes).
    Removing stm32l4xx_hal_i2c.o(.ARM.exidx.text.HAL_I2C_Slave_Transmit), (8 bytes).
    Removing stm32l4xx_hal_i2c.o(.text.HAL_I2C_Slave_Receive), (302 bytes).
    Removing stm32l4xx_hal_i2c.o(.ARM.exidx.text.HAL_I2C_Slave_Receive), (8 bytes).
    Removing stm32l4xx_hal_i2c.o(.text.HAL_I2C_Master_Transmit_IT), (134 bytes).
    Removing stm32l4xx_hal_i2c.o(.ARM.exidx.text.HAL_I2C_Master_Transmit_IT), (8 bytes).
    Removing stm32l4xx_hal_i2c.o(.text.I2C_Master_ISR_IT), (290 bytes).
    Removing stm32l4xx_hal_i2c.o(.ARM.exidx.text.I2C_Master_ISR_IT), (8 bytes).
    Removing stm32l4xx_hal_i2c.o(.text.I2C_Enable_IRQ), (124 bytes).
    Removing stm32l4xx_hal_i2c.o(.ARM.exidx.text.I2C_Enable_IRQ), (8 bytes).
    Removing stm32l4xx_hal_i2c.o(.text.HAL_I2C_Master_Receive_IT), (134 bytes).
    Removing stm32l4xx_hal_i2c.o(.ARM.exidx.text.HAL_I2C_Master_Receive_IT), (8 bytes).
    Removing stm32l4xx_hal_i2c.o(.text.HAL_I2C_Slave_Transmit_IT), (86 bytes).
    Removing stm32l4xx_hal_i2c.o(.ARM.exidx.text.HAL_I2C_Slave_Transmit_IT), (8 bytes).
    Removing stm32l4xx_hal_i2c.o(.text.I2C_Slave_ISR_IT), (246 bytes).
    Removing stm32l4xx_hal_i2c.o(.ARM.exidx.text.I2C_Slave_ISR_IT), (8 bytes).
    Removing stm32l4xx_hal_i2c.o(.text.HAL_I2C_Slave_Receive_IT), (86 bytes).
    Removing stm32l4xx_hal_i2c.o(.ARM.exidx.text.HAL_I2C_Slave_Receive_IT), (8 bytes).
    Removing stm32l4xx_hal_i2c.o(.text.HAL_I2C_Master_Transmit_DMA), (298 bytes).
    Removing stm32l4xx_hal_i2c.o(.ARM.exidx.text.HAL_I2C_Master_Transmit_DMA), (8 bytes).
    Removing stm32l4xx_hal_i2c.o(.text.I2C_Master_ISR_DMA), (252 bytes).
    Removing stm32l4xx_hal_i2c.o(.ARM.exidx.text.I2C_Master_ISR_DMA), (8 bytes).
    Removing stm32l4xx_hal_i2c.o(.text.I2C_DMAMasterTransmitCplt), (80 bytes).
    Removing stm32l4xx_hal_i2c.o(.ARM.exidx.text.I2C_DMAMasterTransmitCplt), (8 bytes).
    Removing stm32l4xx_hal_i2c.o(.text.I2C_DMAError), (22 bytes).
    Removing stm32l4xx_hal_i2c.o(.ARM.exidx.text.I2C_DMAError), (8 bytes).
    Removing stm32l4xx_hal_i2c.o(.text.HAL_I2C_Master_Receive_DMA), (290 bytes).
    Removing stm32l4xx_hal_i2c.o(.ARM.exidx.text.HAL_I2C_Master_Receive_DMA), (8 bytes).
    Removing stm32l4xx_hal_i2c.o(.text.I2C_DMAMasterReceiveCplt), (80 bytes).
    Removing stm32l4xx_hal_i2c.o(.ARM.exidx.text.I2C_DMAMasterReceiveCplt), (8 bytes).
    Removing stm32l4xx_hal_i2c.o(.text.HAL_I2C_Slave_Transmit_DMA), (204 bytes).
    Removing stm32l4xx_hal_i2c.o(.ARM.exidx.text.HAL_I2C_Slave_Transmit_DMA), (8 bytes).
    Removing stm32l4xx_hal_i2c.o(.text.I2C_Slave_ISR_DMA), (230 bytes).
    Removing stm32l4xx_hal_i2c.o(.ARM.exidx.text.I2C_Slave_ISR_DMA), (8 bytes).
    Removing stm32l4xx_hal_i2c.o(.text.I2C_DMASlaveTransmitCplt), (32 bytes).
    Removing stm32l4xx_hal_i2c.o(.ARM.exidx.text.I2C_DMASlaveTransmitCplt), (8 bytes).
    Removing stm32l4xx_hal_i2c.o(.text.HAL_I2C_Slave_Receive_DMA), (210 bytes).
    Removing stm32l4xx_hal_i2c.o(.ARM.exidx.text.HAL_I2C_Slave_Receive_DMA), (8 bytes).
    Removing stm32l4xx_hal_i2c.o(.text.I2C_DMASlaveReceiveCplt), (40 bytes).
    Removing stm32l4xx_hal_i2c.o(.ARM.exidx.text.I2C_DMASlaveReceiveCplt), (8 bytes).
    Removing stm32l4xx_hal_i2c.o(.text.HAL_I2C_Mem_Write), (376 bytes).
    Removing stm32l4xx_hal_i2c.o(.ARM.exidx.text.HAL_I2C_Mem_Write), (8 bytes).
    Removing stm32l4xx_hal_i2c.o(.text.I2C_RequestMemoryWrite), (114 bytes).
    Removing stm32l4xx_hal_i2c.o(.ARM.exidx.text.I2C_RequestMemoryWrite), (8 bytes).
    Removing stm32l4xx_hal_i2c.o(.text.HAL_I2C_Mem_Read), (390 bytes).
    Removing stm32l4xx_hal_i2c.o(.ARM.exidx.text.HAL_I2C_Mem_Read), (8 bytes).
    Removing stm32l4xx_hal_i2c.o(.text.I2C_RequestMemoryRead), (112 bytes).
    Removing stm32l4xx_hal_i2c.o(.ARM.exidx.text.I2C_RequestMemoryRead), (8 bytes).
    Removing stm32l4xx_hal_i2c.o(.text.HAL_I2C_Mem_Write_IT), (212 bytes).
    Removing stm32l4xx_hal_i2c.o(.ARM.exidx.text.HAL_I2C_Mem_Write_IT), (8 bytes).
    Removing stm32l4xx_hal_i2c.o(.text.HAL_I2C_Mem_Read_IT), (220 bytes).
    Removing stm32l4xx_hal_i2c.o(.ARM.exidx.text.HAL_I2C_Mem_Read_IT), (8 bytes).
    Removing stm32l4xx_hal_i2c.o(.text.HAL_I2C_Mem_Write_DMA), (316 bytes).
    Removing stm32l4xx_hal_i2c.o(.ARM.exidx.text.HAL_I2C_Mem_Write_DMA), (8 bytes).
    Removing stm32l4xx_hal_i2c.o(.text.HAL_I2C_Mem_Read_DMA), (322 bytes).
    Removing stm32l4xx_hal_i2c.o(.ARM.exidx.text.HAL_I2C_Mem_Read_DMA), (8 bytes).
    Removing stm32l4xx_hal_i2c.o(.text.HAL_I2C_IsDeviceReady), (296 bytes).
    Removing stm32l4xx_hal_i2c.o(.ARM.exidx.text.HAL_I2C_IsDeviceReady), (8 bytes).
    Removing stm32l4xx_hal_i2c.o(.text.HAL_I2C_Master_Seq_Transmit_IT), (162 bytes).
    Removing stm32l4xx_hal_i2c.o(.ARM.exidx.text.HAL_I2C_Master_Seq_Transmit_IT), (8 bytes).
    Removing stm32l4xx_hal_i2c.o(.text.I2C_ConvertOtherXferOptions), (30 bytes).
    Removing stm32l4xx_hal_i2c.o(.ARM.exidx.text.I2C_ConvertOtherXferOptions), (8 bytes).
    Removing stm32l4xx_hal_i2c.o(.text.HAL_I2C_Master_Seq_Transmit_DMA), (326 bytes).
    Removing stm32l4xx_hal_i2c.o(.ARM.exidx.text.HAL_I2C_Master_Seq_Transmit_DMA), (8 bytes).
    Removing stm32l4xx_hal_i2c.o(.text.HAL_I2C_Master_Seq_Receive_IT), (162 bytes).
    Removing stm32l4xx_hal_i2c.o(.ARM.exidx.text.HAL_I2C_Master_Seq_Receive_IT), (8 bytes).
    Removing stm32l4xx_hal_i2c.o(.text.HAL_I2C_Master_Seq_Receive_DMA), (324 bytes).
    Removing stm32l4xx_hal_i2c.o(.ARM.exidx.text.HAL_I2C_Master_Seq_Receive_DMA), (8 bytes).
    Removing stm32l4xx_hal_i2c.o(.text.HAL_I2C_Slave_Seq_Transmit_IT), (202 bytes).
    Removing stm32l4xx_hal_i2c.o(.ARM.exidx.text.HAL_I2C_Slave_Seq_Transmit_IT), (8 bytes).
    Removing stm32l4xx_hal_i2c.o(.text.I2C_Disable_IRQ), (90 bytes).
    Removing stm32l4xx_hal_i2c.o(.ARM.exidx.text.I2C_Disable_IRQ), (8 bytes).
    Removing stm32l4xx_hal_i2c.o(.text.I2C_DMAAbort), (30 bytes).
    Removing stm32l4xx_hal_i2c.o(.ARM.exidx.text.I2C_DMAAbort), (8 bytes).
    Removing stm32l4xx_hal_i2c.o(.text.HAL_I2C_Slave_Seq_Transmit_DMA), (340 bytes).
    Removing stm32l4xx_hal_i2c.o(.ARM.exidx.text.HAL_I2C_Slave_Seq_Transmit_DMA), (8 bytes).
    Removing stm32l4xx_hal_i2c.o(.text.HAL_I2C_Slave_Seq_Receive_IT), (202 bytes).
    Removing stm32l4xx_hal_i2c.o(.ARM.exidx.text.HAL_I2C_Slave_Seq_Receive_IT), (8 bytes).
    Removing stm32l4xx_hal_i2c.o(.text.HAL_I2C_Slave_Seq_Receive_DMA), (342 bytes).
    Removing stm32l4xx_hal_i2c.o(.ARM.exidx.text.HAL_I2C_Slave_Seq_Receive_DMA), (8 bytes).
    Removing stm32l4xx_hal_i2c.o(.text.HAL_I2C_EnableListen_IT), (38 bytes).
    Removing stm32l4xx_hal_i2c.o(.ARM.exidx.text.HAL_I2C_EnableListen_IT), (8 bytes).
    Removing stm32l4xx_hal_i2c.o(.text.HAL_I2C_DisableListen_IT), (46 bytes).
    Removing stm32l4xx_hal_i2c.o(.ARM.exidx.text.HAL_I2C_DisableListen_IT), (8 bytes).
    Removing stm32l4xx_hal_i2c.o(.text.HAL_I2C_Master_Abort_IT), (106 bytes).
    Removing stm32l4xx_hal_i2c.o(.ARM.exidx.text.HAL_I2C_Master_Abort_IT), (8 bytes).
    Removing stm32l4xx_hal_i2c.o(.text.HAL_I2C_EV_IRQHandler), (18 bytes).
    Removing stm32l4xx_hal_i2c.o(.ARM.exidx.text.HAL_I2C_EV_IRQHandler), (8 bytes).
    Removing stm32l4xx_hal_i2c.o(.text.HAL_I2C_ER_IRQHandler), (98 bytes).
    Removing stm32l4xx_hal_i2c.o(.ARM.exidx.text.HAL_I2C_ER_IRQHandler), (8 bytes).
    Removing stm32l4xx_hal_i2c.o(.text.I2C_ITError), (226 bytes).
    Removing stm32l4xx_hal_i2c.o(.ARM.exidx.text.I2C_ITError), (8 bytes).
    Removing stm32l4xx_hal_i2c.o(.text.HAL_I2C_MasterTxCpltCallback), (2 bytes).
    Removing stm32l4xx_hal_i2c.o(.ARM.exidx.text.HAL_I2C_MasterTxCpltCallback), (8 bytes).
    Removing stm32l4xx_hal_i2c.o(.text.HAL_I2C_MasterRxCpltCallback), (2 bytes).
    Removing stm32l4xx_hal_i2c.o(.ARM.exidx.text.HAL_I2C_MasterRxCpltCallback), (8 bytes).
    Removing stm32l4xx_hal_i2c.o(.text.HAL_I2C_SlaveTxCpltCallback), (2 bytes).
    Removing stm32l4xx_hal_i2c.o(.ARM.exidx.text.HAL_I2C_SlaveTxCpltCallback), (8 bytes).
    Removing stm32l4xx_hal_i2c.o(.text.HAL_I2C_SlaveRxCpltCallback), (2 bytes).
    Removing stm32l4xx_hal_i2c.o(.ARM.exidx.text.HAL_I2C_SlaveRxCpltCallback), (8 bytes).
    Removing stm32l4xx_hal_i2c.o(.text.HAL_I2C_AddrCallback), (2 bytes).
    Removing stm32l4xx_hal_i2c.o(.ARM.exidx.text.HAL_I2C_AddrCallback), (8 bytes).
    Removing stm32l4xx_hal_i2c.o(.text.HAL_I2C_ListenCpltCallback), (2 bytes).
    Removing stm32l4xx_hal_i2c.o(.ARM.exidx.text.HAL_I2C_ListenCpltCallback), (8 bytes).
    Removing stm32l4xx_hal_i2c.o(.text.HAL_I2C_MemTxCpltCallback), (2 bytes).
    Removing stm32l4xx_hal_i2c.o(.ARM.exidx.text.HAL_I2C_MemTxCpltCallback), (8 bytes).
    Removing stm32l4xx_hal_i2c.o(.text.HAL_I2C_MemRxCpltCallback), (2 bytes).
    Removing stm32l4xx_hal_i2c.o(.ARM.exidx.text.HAL_I2C_MemRxCpltCallback), (8 bytes).
    Removing stm32l4xx_hal_i2c.o(.text.HAL_I2C_ErrorCallback), (2 bytes).
    Removing stm32l4xx_hal_i2c.o(.ARM.exidx.text.HAL_I2C_ErrorCallback), (8 bytes).
    Removing stm32l4xx_hal_i2c.o(.text.HAL_I2C_AbortCpltCallback), (2 bytes).
    Removing stm32l4xx_hal_i2c.o(.ARM.exidx.text.HAL_I2C_AbortCpltCallback), (8 bytes).
    Removing stm32l4xx_hal_i2c.o(.text.HAL_I2C_GetState), (4 bytes).
    Removing stm32l4xx_hal_i2c.o(.ARM.exidx.text.HAL_I2C_GetState), (8 bytes).
    Removing stm32l4xx_hal_i2c.o(.text.HAL_I2C_GetMode), (4 bytes).
    Removing stm32l4xx_hal_i2c.o(.ARM.exidx.text.HAL_I2C_GetMode), (8 bytes).
    Removing stm32l4xx_hal_i2c.o(.text.HAL_I2C_GetError), (4 bytes).
    Removing stm32l4xx_hal_i2c.o(.ARM.exidx.text.HAL_I2C_GetError), (8 bytes).
    Removing stm32l4xx_hal_i2c.o(.text.I2C_Flush_TXDR), (30 bytes).
    Removing stm32l4xx_hal_i2c.o(.ARM.exidx.text.I2C_Flush_TXDR), (8 bytes).
    Removing stm32l4xx_hal_i2c.o(.text.I2C_ITMasterSeqCplt), (66 bytes).
    Removing stm32l4xx_hal_i2c.o(.ARM.exidx.text.I2C_ITMasterSeqCplt), (8 bytes).
    Removing stm32l4xx_hal_i2c.o(.text.I2C_ITMasterCplt), (218 bytes).
    Removing stm32l4xx_hal_i2c.o(.ARM.exidx.text.I2C_ITMasterCplt), (8 bytes).
    Removing stm32l4xx_hal_i2c.o(.text.I2C_ITSlaveCplt), (276 bytes).
    Removing stm32l4xx_hal_i2c.o(.ARM.exidx.text.I2C_ITSlaveCplt), (8 bytes).
    Removing stm32l4xx_hal_i2c.o(.text.I2C_ITListenCplt), (90 bytes).
    Removing stm32l4xx_hal_i2c.o(.ARM.exidx.text.I2C_ITListenCplt), (8 bytes).
    Removing stm32l4xx_hal_i2c.o(.text.I2C_ITSlaveSeqCplt), (106 bytes).
    Removing stm32l4xx_hal_i2c.o(.ARM.exidx.text.I2C_ITSlaveSeqCplt), (8 bytes).
    Removing stm32l4xx_hal_i2c.o(.text.I2C_ITAddrCplt), (146 bytes).
    Removing stm32l4xx_hal_i2c.o(.ARM.exidx.text.I2C_ITAddrCplt), (8 bytes).
    Removing stm32l4xx_hal_i2c.o(.text.I2C_TreatErrorCallback), (36 bytes).
    Removing stm32l4xx_hal_i2c.o(.ARM.exidx.text.I2C_TreatErrorCallback), (8 bytes).
    Removing stm32l4xx_hal_i2c.o(.text.I2C_IsAcknowledgeFailed), (120 bytes).
    Removing stm32l4xx_hal_i2c.o(.ARM.exidx.text.I2C_IsAcknowledgeFailed), (8 bytes).
    Removing stm32l4xx_hal_i2c_ex.o(.text), (0 bytes).
    Removing stm32l4xx_hal_i2c_ex.o(.text.HAL_I2CEx_ConfigAnalogFilter), (64 bytes).
    Removing stm32l4xx_hal_i2c_ex.o(.ARM.exidx.text.HAL_I2CEx_ConfigAnalogFilter), (8 bytes).
    Removing stm32l4xx_hal_i2c_ex.o(.text.HAL_I2CEx_ConfigDigitalFilter), (62 bytes).
    Removing stm32l4xx_hal_i2c_ex.o(.ARM.exidx.text.HAL_I2CEx_ConfigDigitalFilter), (8 bytes).
    Removing stm32l4xx_hal_i2c_ex.o(.text.HAL_I2CEx_EnableWakeUp), (58 bytes).
    Removing stm32l4xx_hal_i2c_ex.o(.ARM.exidx.text.HAL_I2CEx_EnableWakeUp), (8 bytes).
    Removing stm32l4xx_hal_i2c_ex.o(.text.HAL_I2CEx_DisableWakeUp), (58 bytes).
    Removing stm32l4xx_hal_i2c_ex.o(.ARM.exidx.text.HAL_I2CEx_DisableWakeUp), (8 bytes).
    Removing stm32l4xx_hal_i2c_ex.o(.text.HAL_I2CEx_EnableFastModePlus), (44 bytes).
    Removing stm32l4xx_hal_i2c_ex.o(.ARM.exidx.text.HAL_I2CEx_EnableFastModePlus), (8 bytes).
    Removing stm32l4xx_hal_i2c_ex.o(.text.HAL_I2CEx_DisableFastModePlus), (46 bytes).
    Removing stm32l4xx_hal_i2c_ex.o(.ARM.exidx.text.HAL_I2CEx_DisableFastModePlus), (8 bytes).
    Removing stm32l4xx_hal_rcc.o(.text), (0 bytes).
    Removing stm32l4xx_hal_rcc.o(.text.HAL_RCC_DeInit), (236 bytes).
    Removing stm32l4xx_hal_rcc.o(.ARM.exidx.text.HAL_RCC_DeInit), (8 bytes).
    Removing stm32l4xx_hal_rcc.o(.ARM.exidx.text.HAL_RCC_OscConfig), (8 bytes).
    Removing stm32l4xx_hal_rcc.o(.ARM.exidx.text.RCC_SetFlashLatencyFromMSIRange), (8 bytes).
    Removing stm32l4xx_hal_rcc.o(.ARM.exidx.text.HAL_RCC_GetSysClockFreq), (8 bytes).
    Removing stm32l4xx_hal_rcc.o(.ARM.exidx.text.HAL_RCC_ClockConfig), (8 bytes).
    Removing stm32l4xx_hal_rcc.o(.text.HAL_RCC_MCOConfig), (84 bytes).
    Removing stm32l4xx_hal_rcc.o(.ARM.exidx.text.HAL_RCC_MCOConfig), (8 bytes).
    Removing stm32l4xx_hal_rcc.o(.text.HAL_RCC_GetHCLKFreq), (12 bytes).
    Removing stm32l4xx_hal_rcc.o(.ARM.exidx.text.HAL_RCC_GetHCLKFreq), (8 bytes).
    Removing stm32l4xx_hal_rcc.o(.text.HAL_RCC_GetPCLK1Freq), (38 bytes).
    Removing stm32l4xx_hal_rcc.o(.ARM.exidx.text.HAL_RCC_GetPCLK1Freq), (8 bytes).
    Removing stm32l4xx_hal_rcc.o(.text.HAL_RCC_GetPCLK2Freq), (38 bytes).
    Removing stm32l4xx_hal_rcc.o(.ARM.exidx.text.HAL_RCC_GetPCLK2Freq), (8 bytes).
    Removing stm32l4xx_hal_rcc.o(.text.HAL_RCC_GetOscConfig), (202 bytes).
    Removing stm32l4xx_hal_rcc.o(.ARM.exidx.text.HAL_RCC_GetOscConfig), (8 bytes).
    Removing stm32l4xx_hal_rcc.o(.text.HAL_RCC_GetClockConfig), (66 bytes).
    Removing stm32l4xx_hal_rcc.o(.ARM.exidx.text.HAL_RCC_GetClockConfig), (8 bytes).
    Removing stm32l4xx_hal_rcc.o(.text.HAL_RCC_EnableCSS), (18 bytes).
    Removing stm32l4xx_hal_rcc.o(.ARM.exidx.text.HAL_RCC_EnableCSS), (8 bytes).
    Removing stm32l4xx_hal_rcc.o(.text.HAL_RCC_NMI_IRQHandler), (30 bytes).
    Removing stm32l4xx_hal_rcc.o(.ARM.exidx.text.HAL_RCC_NMI_IRQHandler), (8 bytes).
    Removing stm32l4xx_hal_rcc.o(.text.HAL_RCC_CSSCallback), (2 bytes).
    Removing stm32l4xx_hal_rcc.o(.ARM.exidx.text.HAL_RCC_CSSCallback), (8 bytes).
    Removing stm32l4xx_hal_rcc_ex.o(.text), (0 bytes).
    Removing stm32l4xx_hal_rcc_ex.o(.text.HAL_RCCEx_PeriphCLKConfig), (1046 bytes).
    Removing stm32l4xx_hal_rcc_ex.o(.ARM.exidx.text.HAL_RCCEx_PeriphCLKConfig), (8 bytes).
    Removing stm32l4xx_hal_rcc_ex.o(.text.RCCEx_PLLSAI1_Config), (350 bytes).
    Removing stm32l4xx_hal_rcc_ex.o(.ARM.exidx.text.RCCEx_PLLSAI1_Config), (8 bytes).
    Removing stm32l4xx_hal_rcc_ex.o(.text.RCCEx_PLLSAI2_Config), (306 bytes).
    Removing stm32l4xx_hal_rcc_ex.o(.ARM.exidx.text.RCCEx_PLLSAI2_Config), (8 bytes).
    Removing stm32l4xx_hal_rcc_ex.o(.text.HAL_RCCEx_GetPeriphCLKConfig), (306 bytes).
    Removing stm32l4xx_hal_rcc_ex.o(.ARM.exidx.text.HAL_RCCEx_GetPeriphCLKConfig), (8 bytes).
    Removing stm32l4xx_hal_rcc_ex.o(.text.HAL_RCCEx_GetPeriphCLKFreq), (1036 bytes).
    Removing stm32l4xx_hal_rcc_ex.o(.ARM.exidx.text.HAL_RCCEx_GetPeriphCLKFreq), (8 bytes).
    Removing stm32l4xx_hal_rcc_ex.o(.text.RCCEx_GetSAIxPeriphCLKFreq), (268 bytes).
    Removing stm32l4xx_hal_rcc_ex.o(.ARM.exidx.text.RCCEx_GetSAIxPeriphCLKFreq), (8 bytes).
    Removing stm32l4xx_hal_rcc_ex.o(.text.HAL_RCCEx_EnablePLLSAI1), (176 bytes).
    Removing stm32l4xx_hal_rcc_ex.o(.ARM.exidx.text.HAL_RCCEx_EnablePLLSAI1), (8 bytes).
    Removing stm32l4xx_hal_rcc_ex.o(.text.HAL_RCCEx_DisablePLLSAI1), (80 bytes).
    Removing stm32l4xx_hal_rcc_ex.o(.ARM.exidx.text.HAL_RCCEx_DisablePLLSAI1), (8 bytes).
    Removing stm32l4xx_hal_rcc_ex.o(.text.HAL_RCCEx_EnablePLLSAI2), (160 bytes).
    Removing stm32l4xx_hal_rcc_ex.o(.ARM.exidx.text.HAL_RCCEx_EnablePLLSAI2), (8 bytes).
    Removing stm32l4xx_hal_rcc_ex.o(.text.HAL_RCCEx_DisablePLLSAI2), (80 bytes).
    Removing stm32l4xx_hal_rcc_ex.o(.ARM.exidx.text.HAL_RCCEx_DisablePLLSAI2), (8 bytes).
    Removing stm32l4xx_hal_rcc_ex.o(.text.HAL_RCCEx_WakeUpStopCLKConfig), (20 bytes).
    Removing stm32l4xx_hal_rcc_ex.o(.ARM.exidx.text.HAL_RCCEx_WakeUpStopCLKConfig), (8 bytes).
    Removing stm32l4xx_hal_rcc_ex.o(.text.HAL_RCCEx_StandbyMSIRangeConfig), (22 bytes).
    Removing stm32l4xx_hal_rcc_ex.o(.ARM.exidx.text.HAL_RCCEx_StandbyMSIRangeConfig), (8 bytes).
    Removing stm32l4xx_hal_rcc_ex.o(.text.HAL_RCCEx_EnableLSECSS), (18 bytes).
    Removing stm32l4xx_hal_rcc_ex.o(.ARM.exidx.text.HAL_RCCEx_EnableLSECSS), (8 bytes).
    Removing stm32l4xx_hal_rcc_ex.o(.text.HAL_RCCEx_DisableLSECSS), (26 bytes).
    Removing stm32l4xx_hal_rcc_ex.o(.ARM.exidx.text.HAL_RCCEx_DisableLSECSS), (8 bytes).
    Removing stm32l4xx_hal_rcc_ex.o(.text.HAL_RCCEx_EnableLSECSS_IT), (50 bytes).
    Removing stm32l4xx_hal_rcc_ex.o(.ARM.exidx.text.HAL_RCCEx_EnableLSECSS_IT), (8 bytes).
    Removing stm32l4xx_hal_rcc_ex.o(.text.HAL_RCCEx_LSECSS_IRQHandler), (30 bytes).
    Removing stm32l4xx_hal_rcc_ex.o(.ARM.exidx.text.HAL_RCCEx_LSECSS_IRQHandler), (8 bytes).
    Removing stm32l4xx_hal_rcc_ex.o(.text.HAL_RCCEx_LSECSS_Callback), (2 bytes).
    Removing stm32l4xx_hal_rcc_ex.o(.ARM.exidx.text.HAL_RCCEx_LSECSS_Callback), (8 bytes).
    Removing stm32l4xx_hal_rcc_ex.o(.text.HAL_RCCEx_EnableLSCO), (158 bytes).
    Removing stm32l4xx_hal_rcc_ex.o(.ARM.exidx.text.HAL_RCCEx_EnableLSCO), (8 bytes).
    Removing stm32l4xx_hal_rcc_ex.o(.text.HAL_RCCEx_DisableLSCO), (94 bytes).
    Removing stm32l4xx_hal_rcc_ex.o(.ARM.exidx.text.HAL_RCCEx_DisableLSCO), (8 bytes).
    Removing stm32l4xx_hal_rcc_ex.o(.text.HAL_RCCEx_EnableMSIPLLMode), (18 bytes).
    Removing stm32l4xx_hal_rcc_ex.o(.ARM.exidx.text.HAL_RCCEx_EnableMSIPLLMode), (8 bytes).
    Removing stm32l4xx_hal_rcc_ex.o(.text.HAL_RCCEx_DisableMSIPLLMode), (18 bytes).
    Removing stm32l4xx_hal_rcc_ex.o(.ARM.exidx.text.HAL_RCCEx_DisableMSIPLLMode), (8 bytes).
    Removing stm32l4xx_hal_flash.o(.text), (0 bytes).
    Removing stm32l4xx_hal_flash.o(.text.HAL_FLASH_Program), (188 bytes).
    Removing stm32l4xx_hal_flash.o(.ARM.exidx.text.HAL_FLASH_Program), (8 bytes).
    Removing stm32l4xx_hal_flash.o(.text.FLASH_WaitForLastOperation), (106 bytes).
    Removing stm32l4xx_hal_flash.o(.ARM.exidx.text.FLASH_WaitForLastOperation), (8 bytes).
    Removing stm32l4xx_hal_flash.o(.text.FLASH_Program_DoubleWord), (30 bytes).
    Removing stm32l4xx_hal_flash.o(.ARM.exidx.text.FLASH_Program_DoubleWord), (8 bytes).
    Removing stm32l4xx_hal_flash.o(.text.FLASH_Program_Fast), (56 bytes).
    Removing stm32l4xx_hal_flash.o(.ARM.exidx.text.FLASH_Program_Fast), (8 bytes).
    Removing stm32l4xx_hal_flash.o(.text.HAL_FLASH_Program_IT), (126 bytes).
    Removing stm32l4xx_hal_flash.o(.ARM.exidx.text.HAL_FLASH_Program_IT), (8 bytes).
    Removing stm32l4xx_hal_flash.o(.text.HAL_FLASH_IRQHandler), (254 bytes).
    Removing stm32l4xx_hal_flash.o(.ARM.exidx.text.HAL_FLASH_IRQHandler), (8 bytes).
    Removing stm32l4xx_hal_flash.o(.text.HAL_FLASH_OperationErrorCallback), (2 bytes).
    Removing stm32l4xx_hal_flash.o(.ARM.exidx.text.HAL_FLASH_OperationErrorCallback), (8 bytes).
    Removing stm32l4xx_hal_flash.o(.text.HAL_FLASH_EndOfOperationCallback), (2 bytes).
    Removing stm32l4xx_hal_flash.o(.ARM.exidx.text.HAL_FLASH_EndOfOperationCallback), (8 bytes).
    Removing stm32l4xx_hal_flash.o(.text.HAL_FLASH_Unlock), (46 bytes).
    Removing stm32l4xx_hal_flash.o(.ARM.exidx.text.HAL_FLASH_Unlock), (8 bytes).
    Removing stm32l4xx_hal_flash.o(.text.HAL_FLASH_Lock), (20 bytes).
    Removing stm32l4xx_hal_flash.o(.ARM.exidx.text.HAL_FLASH_Lock), (8 bytes).
    Removing stm32l4xx_hal_flash.o(.text.HAL_FLASH_OB_Unlock), (42 bytes).
    Removing stm32l4xx_hal_flash.o(.ARM.exidx.text.HAL_FLASH_OB_Unlock), (8 bytes).
    Removing stm32l4xx_hal_flash.o(.text.HAL_FLASH_OB_Lock), (20 bytes).
    Removing stm32l4xx_hal_flash.o(.ARM.exidx.text.HAL_FLASH_OB_Lock), (8 bytes).
    Removing stm32l4xx_hal_flash.o(.text.HAL_FLASH_OB_Launch), (28 bytes).
    Removing stm32l4xx_hal_flash.o(.ARM.exidx.text.HAL_FLASH_OB_Launch), (8 bytes).
    Removing stm32l4xx_hal_flash.o(.text.HAL_FLASH_GetError), (12 bytes).
    Removing stm32l4xx_hal_flash.o(.ARM.exidx.text.HAL_FLASH_GetError), (8 bytes).
    Removing stm32l4xx_hal_flash.o(.data.pFlash), (32 bytes).
    Removing stm32l4xx_hal_flash_ex.o(.text), (0 bytes).
    Removing stm32l4xx_hal_flash_ex.o(.text.HAL_FLASHEx_Erase), (244 bytes).
    Removing stm32l4xx_hal_flash_ex.o(.ARM.exidx.text.HAL_FLASHEx_Erase), (8 bytes).
    Removing stm32l4xx_hal_flash_ex.o(.text.FLASH_MassErase), (42 bytes).
    Removing stm32l4xx_hal_flash_ex.o(.ARM.exidx.text.FLASH_MassErase), (8 bytes).
    Removing stm32l4xx_hal_flash_ex.o(.text.FLASH_PageErase), (46 bytes).
    Removing stm32l4xx_hal_flash_ex.o(.ARM.exidx.text.FLASH_PageErase), (8 bytes).
    Removing stm32l4xx_hal_flash_ex.o(.text.FLASH_FlushCaches), (88 bytes).
    Removing stm32l4xx_hal_flash_ex.o(.ARM.exidx.text.FLASH_FlushCaches), (8 bytes).
    Removing stm32l4xx_hal_flash_ex.o(.text.HAL_FLASHEx_Erase_IT), (156 bytes).
    Removing stm32l4xx_hal_flash_ex.o(.ARM.exidx.text.HAL_FLASHEx_Erase_IT), (8 bytes).
    Removing stm32l4xx_hal_flash_ex.o(.text.HAL_FLASHEx_OBProgram), (124 bytes).
    Removing stm32l4xx_hal_flash_ex.o(.ARM.exidx.text.HAL_FLASHEx_OBProgram), (8 bytes).
    Removing stm32l4xx_hal_flash_ex.o(.text.FLASH_OB_WRPConfig), (136 bytes).
    Removing stm32l4xx_hal_flash_ex.o(.ARM.exidx.text.FLASH_OB_WRPConfig), (8 bytes).
    Removing stm32l4xx_hal_flash_ex.o(.text.FLASH_OB_RDPConfig), (62 bytes).
    Removing stm32l4xx_hal_flash_ex.o(.ARM.exidx.text.FLASH_OB_RDPConfig), (8 bytes).
    Removing stm32l4xx_hal_flash_ex.o(.text.FLASH_OB_UserConfig), (288 bytes).
    Removing stm32l4xx_hal_flash_ex.o(.ARM.exidx.text.FLASH_OB_UserConfig), (8 bytes).
    Removing stm32l4xx_hal_flash_ex.o(.text.FLASH_OB_PCROPConfig), (190 bytes).
    Removing stm32l4xx_hal_flash_ex.o(.ARM.exidx.text.FLASH_OB_PCROPConfig), (8 bytes).
    Removing stm32l4xx_hal_flash_ex.o(.text.HAL_FLASHEx_OBGetConfig), (86 bytes).
    Removing stm32l4xx_hal_flash_ex.o(.ARM.exidx.text.HAL_FLASHEx_OBGetConfig), (8 bytes).
    Removing stm32l4xx_hal_flash_ex.o(.text.FLASH_OB_GetWRP), (82 bytes).
    Removing stm32l4xx_hal_flash_ex.o(.ARM.exidx.text.FLASH_OB_GetWRP), (8 bytes).
    Removing stm32l4xx_hal_flash_ex.o(.text.FLASH_OB_GetRDP), (30 bytes).
    Removing stm32l4xx_hal_flash_ex.o(.ARM.exidx.text.FLASH_OB_GetRDP), (8 bytes).
    Removing stm32l4xx_hal_flash_ex.o(.text.FLASH_OB_GetUser), (16 bytes).
    Removing stm32l4xx_hal_flash_ex.o(.ARM.exidx.text.FLASH_OB_GetUser), (8 bytes).
    Removing stm32l4xx_hal_flash_ex.o(.text.FLASH_OB_GetPCROP), (148 bytes).
    Removing stm32l4xx_hal_flash_ex.o(.ARM.exidx.text.FLASH_OB_GetPCROP), (8 bytes).
    Removing stm32l4xx_hal_flash_ramfunc.o(.text), (0 bytes).
    Removing stm32l4xx_hal_flash_ramfunc.o(.text.HAL_FLASHEx_EnableRunPowerDown), (40 bytes).
    Removing stm32l4xx_hal_flash_ramfunc.o(.ARM.exidx.text.HAL_FLASHEx_EnableRunPowerDown), (8 bytes).
    Removing stm32l4xx_hal_flash_ramfunc.o(.text.HAL_FLASHEx_DisableRunPowerDown), (40 bytes).
    Removing stm32l4xx_hal_flash_ramfunc.o(.ARM.exidx.text.HAL_FLASHEx_DisableRunPowerDown), (8 bytes).
    Removing stm32l4xx_hal_gpio.o(.text), (0 bytes).
    Removing stm32l4xx_hal_gpio.o(.ARM.exidx.text.HAL_GPIO_Init), (8 bytes).
    Removing stm32l4xx_hal_gpio.o(.text.HAL_GPIO_DeInit), (284 bytes).
    Removing stm32l4xx_hal_gpio.o(.ARM.exidx.text.HAL_GPIO_DeInit), (8 bytes).
    Removing stm32l4xx_hal_gpio.o(.ARM.exidx.text.HAL_GPIO_ReadPin), (8 bytes).
    Removing stm32l4xx_hal_gpio.o(.ARM.exidx.text.HAL_GPIO_WritePin), (8 bytes).
    Removing stm32l4xx_hal_gpio.o(.text.HAL_GPIO_TogglePin), (16 bytes).
    Removing stm32l4xx_hal_gpio.o(.ARM.exidx.text.HAL_GPIO_TogglePin), (8 bytes).
    Removing stm32l4xx_hal_gpio.o(.text.HAL_GPIO_LockPin), (40 bytes).
    Removing stm32l4xx_hal_gpio.o(.ARM.exidx.text.HAL_GPIO_LockPin), (8 bytes).
    Removing stm32l4xx_hal_gpio.o(.text.HAL_GPIO_EXTI_IRQHandler), (26 bytes).
    Removing stm32l4xx_hal_gpio.o(.ARM.exidx.text.HAL_GPIO_EXTI_IRQHandler), (8 bytes).
    Removing stm32l4xx_hal_gpio.o(.text.HAL_GPIO_EXTI_Callback), (2 bytes).
    Removing stm32l4xx_hal_gpio.o(.ARM.exidx.text.HAL_GPIO_EXTI_Callback), (8 bytes).
    Removing stm32l4xx_hal_dma.o(.text), (0 bytes).
    Removing stm32l4xx_hal_dma.o(.text.HAL_DMA_Init), (198 bytes).
    Removing stm32l4xx_hal_dma.o(.ARM.exidx.text.HAL_DMA_Init), (8 bytes).
    Removing stm32l4xx_hal_dma.o(.text.HAL_DMA_DeInit), (150 bytes).
    Removing stm32l4xx_hal_dma.o(.ARM.exidx.text.HAL_DMA_DeInit), (8 bytes).
    Removing stm32l4xx_hal_dma.o(.text.HAL_DMA_Start), (72 bytes).
    Removing stm32l4xx_hal_dma.o(.ARM.exidx.text.HAL_DMA_Start), (8 bytes).
    Removing stm32l4xx_hal_dma.o(.text.DMA_SetConfig), (52 bytes).
    Removing stm32l4xx_hal_dma.o(.ARM.exidx.text.DMA_SetConfig), (8 bytes).
    Removing stm32l4xx_hal_dma.o(.text.HAL_DMA_Start_IT), (100 bytes).
    Removing stm32l4xx_hal_dma.o(.ARM.exidx.text.HAL_DMA_Start_IT), (8 bytes).
    Removing stm32l4xx_hal_dma.o(.text.HAL_DMA_Abort), (62 bytes).
    Removing stm32l4xx_hal_dma.o(.ARM.exidx.text.HAL_DMA_Abort), (8 bytes).
    Removing stm32l4xx_hal_dma.o(.text.HAL_DMA_Abort_IT), (82 bytes).
    Removing stm32l4xx_hal_dma.o(.ARM.exidx.text.HAL_DMA_Abort_IT), (8 bytes).
    Removing stm32l4xx_hal_dma.o(.text.HAL_DMA_PollForTransfer), (220 bytes).
    Removing stm32l4xx_hal_dma.o(.ARM.exidx.text.HAL_DMA_PollForTransfer), (8 bytes).
    Removing stm32l4xx_hal_dma.o(.text.HAL_DMA_IRQHandler), (162 bytes).
    Removing stm32l4xx_hal_dma.o(.ARM.exidx.text.HAL_DMA_IRQHandler), (8 bytes).
    Removing stm32l4xx_hal_dma.o(.text.HAL_DMA_RegisterCallback), (68 bytes).
    Removing stm32l4xx_hal_dma.o(.ARM.exidx.text.HAL_DMA_RegisterCallback), (8 bytes).
    Removing stm32l4xx_hal_dma.o(.text.HAL_DMA_UnRegisterCallback), (78 bytes).
    Removing stm32l4xx_hal_dma.o(.ARM.exidx.text.HAL_DMA_UnRegisterCallback), (8 bytes).
    Removing stm32l4xx_hal_dma.o(.text.HAL_DMA_GetState), (4 bytes).
    Removing stm32l4xx_hal_dma.o(.ARM.exidx.text.HAL_DMA_GetState), (8 bytes).
    Removing stm32l4xx_hal_dma.o(.text.HAL_DMA_GetError), (4 bytes).
    Removing stm32l4xx_hal_dma.o(.ARM.exidx.text.HAL_DMA_GetError), (8 bytes).
    Removing stm32l4xx_hal_dma_ex.o(.text), (0 bytes).
    Removing stm32l4xx_hal_pwr.o(.text), (0 bytes).
    Removing stm32l4xx_hal_pwr.o(.text.HAL_PWR_DeInit), (26 bytes).
    Removing stm32l4xx_hal_pwr.o(.ARM.exidx.text.HAL_PWR_DeInit), (8 bytes).
    Removing stm32l4xx_hal_pwr.o(.text.HAL_PWR_EnableBkUpAccess), (18 bytes).
    Removing stm32l4xx_hal_pwr.o(.ARM.exidx.text.HAL_PWR_EnableBkUpAccess), (8 bytes).
    Removing stm32l4xx_hal_pwr.o(.text.HAL_PWR_DisableBkUpAccess), (18 bytes).
    Removing stm32l4xx_hal_pwr.o(.ARM.exidx.text.HAL_PWR_DisableBkUpAccess), (8 bytes).
    Removing stm32l4xx_hal_pwr.o(.text.HAL_PWR_ConfigPVD), (134 bytes).
    Removing stm32l4xx_hal_pwr.o(.ARM.exidx.text.HAL_PWR_ConfigPVD), (8 bytes).
    Removing stm32l4xx_hal_pwr.o(.text.HAL_PWR_EnablePVD), (18 bytes).
    Removing stm32l4xx_hal_pwr.o(.ARM.exidx.text.HAL_PWR_EnablePVD), (8 bytes).
    Removing stm32l4xx_hal_pwr.o(.text.HAL_PWR_DisablePVD), (18 bytes).
    Removing stm32l4xx_hal_pwr.o(.ARM.exidx.text.HAL_PWR_DisablePVD), (8 bytes).
    Removing stm32l4xx_hal_pwr.o(.text.HAL_PWR_EnableWakeUpPin), (30 bytes).
    Removing stm32l4xx_hal_pwr.o(.ARM.exidx.text.HAL_PWR_EnableWakeUpPin), (8 bytes).
    Removing stm32l4xx_hal_pwr.o(.text.HAL_PWR_DisableWakeUpPin), (24 bytes).
    Removing stm32l4xx_hal_pwr.o(.ARM.exidx.text.HAL_PWR_DisableWakeUpPin), (8 bytes).
    Removing stm32l4xx_hal_pwr.o(.text.HAL_PWR_EnterSLEEPMode), (76 bytes).
    Removing stm32l4xx_hal_pwr.o(.ARM.exidx.text.HAL_PWR_EnterSLEEPMode), (8 bytes).
    Removing stm32l4xx_hal_pwr.o(.text.HAL_PWR_EnterSTOPMode), (22 bytes).
    Removing stm32l4xx_hal_pwr.o(.ARM.exidx.text.HAL_PWR_EnterSTOPMode), (8 bytes).
    Removing stm32l4xx_hal_pwr.o(.text.HAL_PWR_EnterSTANDBYMode), (38 bytes).
    Removing stm32l4xx_hal_pwr.o(.ARM.exidx.text.HAL_PWR_EnterSTANDBYMode), (8 bytes).
    Removing stm32l4xx_hal_pwr.o(.text.HAL_PWR_EnableSleepOnExit), (18 bytes).
    Removing stm32l4xx_hal_pwr.o(.ARM.exidx.text.HAL_PWR_EnableSleepOnExit), (8 bytes).
    Removing stm32l4xx_hal_pwr.o(.text.HAL_PWR_DisableSleepOnExit), (18 bytes).
    Removing stm32l4xx_hal_pwr.o(.ARM.exidx.text.HAL_PWR_DisableSleepOnExit), (8 bytes).
    Removing stm32l4xx_hal_pwr.o(.text.HAL_PWR_EnableSEVOnPend), (18 bytes).
    Removing stm32l4xx_hal_pwr.o(.ARM.exidx.text.HAL_PWR_EnableSEVOnPend), (8 bytes).
    Removing stm32l4xx_hal_pwr.o(.text.HAL_PWR_DisableSEVOnPend), (18 bytes).
    Removing stm32l4xx_hal_pwr.o(.ARM.exidx.text.HAL_PWR_DisableSEVOnPend), (8 bytes).
    Removing stm32l4xx_hal_pwr.o(.text.HAL_PWR_PVDCallback), (2 bytes).
    Removing stm32l4xx_hal_pwr.o(.ARM.exidx.text.HAL_PWR_PVDCallback), (8 bytes).
    Removing stm32l4xx_hal_pwr_ex.o(.text), (0 bytes).
    Removing stm32l4xx_hal_pwr_ex.o(.ARM.exidx.text.HAL_PWREx_GetVoltageRange), (8 bytes).
    Removing stm32l4xx_hal_pwr_ex.o(.ARM.exidx.text.HAL_PWREx_ControlVoltageScaling), (8 bytes).
    Removing stm32l4xx_hal_pwr_ex.o(.text.HAL_PWREx_EnableBatteryCharging), (28 bytes).
    Removing stm32l4xx_hal_pwr_ex.o(.ARM.exidx.text.HAL_PWREx_EnableBatteryCharging), (8 bytes).
    Removing stm32l4xx_hal_pwr_ex.o(.text.HAL_PWREx_DisableBatteryCharging), (18 bytes).
    Removing stm32l4xx_hal_pwr_ex.o(.ARM.exidx.text.HAL_PWREx_DisableBatteryCharging), (8 bytes).
    Removing stm32l4xx_hal_pwr_ex.o(.text.HAL_PWREx_EnableVddUSB), (18 bytes).
    Removing stm32l4xx_hal_pwr_ex.o(.ARM.exidx.text.HAL_PWREx_EnableVddUSB), (8 bytes).
    Removing stm32l4xx_hal_pwr_ex.o(.text.HAL_PWREx_DisableVddUSB), (18 bytes).
    Removing stm32l4xx_hal_pwr_ex.o(.ARM.exidx.text.HAL_PWREx_DisableVddUSB), (8 bytes).
    Removing stm32l4xx_hal_pwr_ex.o(.text.HAL_PWREx_EnableVddIO2), (18 bytes).
    Removing stm32l4xx_hal_pwr_ex.o(.ARM.exidx.text.HAL_PWREx_EnableVddIO2), (8 bytes).
    Removing stm32l4xx_hal_pwr_ex.o(.text.HAL_PWREx_DisableVddIO2), (18 bytes).
    Removing stm32l4xx_hal_pwr_ex.o(.ARM.exidx.text.HAL_PWREx_DisableVddIO2), (8 bytes).
    Removing stm32l4xx_hal_pwr_ex.o(.text.HAL_PWREx_EnableInternalWakeUpLine), (18 bytes).
    Removing stm32l4xx_hal_pwr_ex.o(.ARM.exidx.text.HAL_PWREx_EnableInternalWakeUpLine), (8 bytes).
    Removing stm32l4xx_hal_pwr_ex.o(.text.HAL_PWREx_DisableInternalWakeUpLine), (18 bytes).
    Removing stm32l4xx_hal_pwr_ex.o(.ARM.exidx.text.HAL_PWREx_DisableInternalWakeUpLine), (8 bytes).
    Removing stm32l4xx_hal_pwr_ex.o(.text.HAL_PWREx_EnableGPIOPullUp), (190 bytes).
    Removing stm32l4xx_hal_pwr_ex.o(.ARM.exidx.text.HAL_PWREx_EnableGPIOPullUp), (8 bytes).
    Removing stm32l4xx_hal_pwr_ex.o(.text.HAL_PWREx_DisableGPIOPullUp), (192 bytes).
    Removing stm32l4xx_hal_pwr_ex.o(.ARM.exidx.text.HAL_PWREx_DisableGPIOPullUp), (8 bytes).
    Removing stm32l4xx_hal_pwr_ex.o(.text.HAL_PWREx_EnableGPIOPullDown), (246 bytes).
    Removing stm32l4xx_hal_pwr_ex.o(.ARM.exidx.text.HAL_PWREx_EnableGPIOPullDown), (8 bytes).
    Removing stm32l4xx_hal_pwr_ex.o(.text.HAL_PWREx_DisableGPIOPullDown), (92 bytes).
    Removing stm32l4xx_hal_pwr_ex.o(.ARM.exidx.text.HAL_PWREx_DisableGPIOPullDown), (8 bytes).
    Removing stm32l4xx_hal_pwr_ex.o(.text.HAL_PWREx_EnablePullUpPullDownConfig), (18 bytes).
    Removing stm32l4xx_hal_pwr_ex.o(.ARM.exidx.text.HAL_PWREx_EnablePullUpPullDownConfig), (8 bytes).
    Removing stm32l4xx_hal_pwr_ex.o(.text.HAL_PWREx_DisablePullUpPullDownConfig), (18 bytes).
    Removing stm32l4xx_hal_pwr_ex.o(.ARM.exidx.text.HAL_PWREx_DisablePullUpPullDownConfig), (8 bytes).
    Removing stm32l4xx_hal_pwr_ex.o(.text.HAL_PWREx_EnableSRAM2ContentRetention), (12 bytes).
    Removing stm32l4xx_hal_pwr_ex.o(.ARM.exidx.text.HAL_PWREx_EnableSRAM2ContentRetention), (8 bytes).
    Removing stm32l4xx_hal_pwr_ex.o(.text.HAL_PWREx_SetSRAM2ContentRetention), (42 bytes).
    Removing stm32l4xx_hal_pwr_ex.o(.ARM.exidx.text.HAL_PWREx_SetSRAM2ContentRetention), (8 bytes).
    Removing stm32l4xx_hal_pwr_ex.o(.text.HAL_PWREx_DisableSRAM2ContentRetention), (10 bytes).
    Removing stm32l4xx_hal_pwr_ex.o(.ARM.exidx.text.HAL_PWREx_DisableSRAM2ContentRetention), (8 bytes).
    Removing stm32l4xx_hal_pwr_ex.o(.text.HAL_PWREx_EnablePVM1), (18 bytes).
    Removing stm32l4xx_hal_pwr_ex.o(.ARM.exidx.text.HAL_PWREx_EnablePVM1), (8 bytes).
    Removing stm32l4xx_hal_pwr_ex.o(.text.HAL_PWREx_DisablePVM1), (18 bytes).
    Removing stm32l4xx_hal_pwr_ex.o(.ARM.exidx.text.HAL_PWREx_DisablePVM1), (8 bytes).
    Removing stm32l4xx_hal_pwr_ex.o(.text.HAL_PWREx_EnablePVM2), (18 bytes).
    Removing stm32l4xx_hal_pwr_ex.o(.ARM.exidx.text.HAL_PWREx_EnablePVM2), (8 bytes).
    Removing stm32l4xx_hal_pwr_ex.o(.text.HAL_PWREx_DisablePVM2), (18 bytes).
    Removing stm32l4xx_hal_pwr_ex.o(.ARM.exidx.text.HAL_PWREx_DisablePVM2), (8 bytes).
    Removing stm32l4xx_hal_pwr_ex.o(.text.HAL_PWREx_EnablePVM3), (18 bytes).
    Removing stm32l4xx_hal_pwr_ex.o(.ARM.exidx.text.HAL_PWREx_EnablePVM3), (8 bytes).
    Removing stm32l4xx_hal_pwr_ex.o(.text.HAL_PWREx_DisablePVM3), (18 bytes).
    Removing stm32l4xx_hal_pwr_ex.o(.ARM.exidx.text.HAL_PWREx_DisablePVM3), (8 bytes).
    Removing stm32l4xx_hal_pwr_ex.o(.text.HAL_PWREx_EnablePVM4), (18 bytes).
    Removing stm32l4xx_hal_pwr_ex.o(.ARM.exidx.text.HAL_PWREx_EnablePVM4), (8 bytes).
    Removing stm32l4xx_hal_pwr_ex.o(.text.HAL_PWREx_DisablePVM4), (18 bytes).
    Removing stm32l4xx_hal_pwr_ex.o(.ARM.exidx.text.HAL_PWREx_DisablePVM4), (8 bytes).
    Removing stm32l4xx_hal_pwr_ex.o(.text.HAL_PWREx_ConfigPVM), (460 bytes).
    Removing stm32l4xx_hal_pwr_ex.o(.ARM.exidx.text.HAL_PWREx_ConfigPVM), (8 bytes).
    Removing stm32l4xx_hal_pwr_ex.o(.text.HAL_PWREx_EnableLowPowerRunMode), (18 bytes).
    Removing stm32l4xx_hal_pwr_ex.o(.ARM.exidx.text.HAL_PWREx_EnableLowPowerRunMode), (8 bytes).
    Removing stm32l4xx_hal_pwr_ex.o(.text.HAL_PWREx_DisableLowPowerRunMode), (76 bytes).
    Removing stm32l4xx_hal_pwr_ex.o(.ARM.exidx.text.HAL_PWREx_DisableLowPowerRunMode), (8 bytes).
    Removing stm32l4xx_hal_pwr_ex.o(.text.HAL_PWREx_EnterSTOP0Mode), (54 bytes).
    Removing stm32l4xx_hal_pwr_ex.o(.ARM.exidx.text.HAL_PWREx_EnterSTOP0Mode), (8 bytes).
    Removing stm32l4xx_hal_pwr_ex.o(.text.HAL_PWREx_EnterSTOP1Mode), (60 bytes).
    Removing stm32l4xx_hal_pwr_ex.o(.ARM.exidx.text.HAL_PWREx_EnterSTOP1Mode), (8 bytes).
    Removing stm32l4xx_hal_pwr_ex.o(.text.HAL_PWREx_EnterSTOP2Mode), (60 bytes).
    Removing stm32l4xx_hal_pwr_ex.o(.ARM.exidx.text.HAL_PWREx_EnterSTOP2Mode), (8 bytes).
    Removing stm32l4xx_hal_pwr_ex.o(.text.HAL_PWREx_EnterSHUTDOWNMode), (38 bytes).
    Removing stm32l4xx_hal_pwr_ex.o(.ARM.exidx.text.HAL_PWREx_EnterSHUTDOWNMode), (8 bytes).
    Removing stm32l4xx_hal_pwr_ex.o(.text.HAL_PWREx_PVD_PVM_IRQHandler), (90 bytes).
    Removing stm32l4xx_hal_pwr_ex.o(.ARM.exidx.text.HAL_PWREx_PVD_PVM_IRQHandler), (8 bytes).
    Removing stm32l4xx_hal_pwr_ex.o(.text.HAL_PWREx_PVM1Callback), (2 bytes).
    Removing stm32l4xx_hal_pwr_ex.o(.ARM.exidx.text.HAL_PWREx_PVM1Callback), (8 bytes).
    Removing stm32l4xx_hal_pwr_ex.o(.text.HAL_PWREx_PVM2Callback), (2 bytes).
    Removing stm32l4xx_hal_pwr_ex.o(.ARM.exidx.text.HAL_PWREx_PVM2Callback), (8 bytes).
    Removing stm32l4xx_hal_pwr_ex.o(.text.HAL_PWREx_PVM3Callback), (2 bytes).
    Removing stm32l4xx_hal_pwr_ex.o(.ARM.exidx.text.HAL_PWREx_PVM3Callback), (8 bytes).
    Removing stm32l4xx_hal_pwr_ex.o(.text.HAL_PWREx_PVM4Callback), (2 bytes).
    Removing stm32l4xx_hal_pwr_ex.o(.ARM.exidx.text.HAL_PWREx_PVM4Callback), (8 bytes).
    Removing stm32l4xx_hal_cortex.o(.text), (0 bytes).
    Removing stm32l4xx_hal_cortex.o(.ARM.exidx.text.HAL_NVIC_SetPriorityGrouping), (8 bytes).
    Removing stm32l4xx_hal_cortex.o(.ARM.exidx.text.__NVIC_SetPriorityGrouping), (8 bytes).
    Removing stm32l4xx_hal_cortex.o(.ARM.exidx.text.HAL_NVIC_SetPriority), (8 bytes).
    Removing stm32l4xx_hal_cortex.o(.ARM.exidx.text.__NVIC_GetPriorityGrouping), (8 bytes).
    Removing stm32l4xx_hal_cortex.o(.ARM.exidx.text.__NVIC_SetPriority), (8 bytes).
    Removing stm32l4xx_hal_cortex.o(.ARM.exidx.text.NVIC_EncodePriority), (8 bytes).
    Removing stm32l4xx_hal_cortex.o(.text.HAL_NVIC_EnableIRQ), (8 bytes).
    Removing stm32l4xx_hal_cortex.o(.ARM.exidx.text.HAL_NVIC_EnableIRQ), (8 bytes).
    Removing stm32l4xx_hal_cortex.o(.text.__NVIC_EnableIRQ), (32 bytes).
    Removing stm32l4xx_hal_cortex.o(.ARM.exidx.text.__NVIC_EnableIRQ), (8 bytes).
    Removing stm32l4xx_hal_cortex.o(.text.HAL_NVIC_DisableIRQ), (8 bytes).
    Removing stm32l4xx_hal_cortex.o(.ARM.exidx.text.HAL_NVIC_DisableIRQ), (8 bytes).
    Removing stm32l4xx_hal_cortex.o(.text.__NVIC_DisableIRQ), (40 bytes).
    Removing stm32l4xx_hal_cortex.o(.ARM.exidx.text.__NVIC_DisableIRQ), (8 bytes).
    Removing stm32l4xx_hal_cortex.o(.text.HAL_NVIC_SystemReset), (4 bytes).
    Removing stm32l4xx_hal_cortex.o(.ARM.exidx.text.HAL_NVIC_SystemReset), (8 bytes).
    Removing stm32l4xx_hal_cortex.o(.text.__NVIC_SystemReset), (36 bytes).
    Removing stm32l4xx_hal_cortex.o(.ARM.exidx.text.__NVIC_SystemReset), (8 bytes).
    Removing stm32l4xx_hal_cortex.o(.ARM.exidx.text.HAL_SYSTICK_Config), (8 bytes).
    Removing stm32l4xx_hal_cortex.o(.ARM.exidx.text.SysTick_Config), (8 bytes).
    Removing stm32l4xx_hal_cortex.o(.text.HAL_NVIC_GetPriorityGrouping), (8 bytes).
    Removing stm32l4xx_hal_cortex.o(.ARM.exidx.text.HAL_NVIC_GetPriorityGrouping), (8 bytes).
    Removing stm32l4xx_hal_cortex.o(.text.HAL_NVIC_GetPriority), (24 bytes).
    Removing stm32l4xx_hal_cortex.o(.ARM.exidx.text.HAL_NVIC_GetPriority), (8 bytes).
    Removing stm32l4xx_hal_cortex.o(.text.NVIC_DecodePriority), (56 bytes).
    Removing stm32l4xx_hal_cortex.o(.ARM.exidx.text.NVIC_DecodePriority), (8 bytes).
    Removing stm32l4xx_hal_cortex.o(.text.__NVIC_GetPriority), (34 bytes).
    Removing stm32l4xx_hal_cortex.o(.ARM.exidx.text.__NVIC_GetPriority), (8 bytes).
    Removing stm32l4xx_hal_cortex.o(.text.HAL_NVIC_SetPendingIRQ), (8 bytes).
    Removing stm32l4xx_hal_cortex.o(.ARM.exidx.text.HAL_NVIC_SetPendingIRQ), (8 bytes).
    Removing stm32l4xx_hal_cortex.o(.text.__NVIC_SetPendingIRQ), (32 bytes).
    Removing stm32l4xx_hal_cortex.o(.ARM.exidx.text.__NVIC_SetPendingIRQ), (8 bytes).
    Removing stm32l4xx_hal_cortex.o(.text.HAL_NVIC_GetPendingIRQ), (8 bytes).
    Removing stm32l4xx_hal_cortex.o(.ARM.exidx.text.HAL_NVIC_GetPendingIRQ), (8 bytes).
    Removing stm32l4xx_hal_cortex.o(.text.__NVIC_GetPendingIRQ), (36 bytes).
    Removing stm32l4xx_hal_cortex.o(.ARM.exidx.text.__NVIC_GetPendingIRQ), (8 bytes).
    Removing stm32l4xx_hal_cortex.o(.text.HAL_NVIC_ClearPendingIRQ), (8 bytes).
    Removing stm32l4xx_hal_cortex.o(.ARM.exidx.text.HAL_NVIC_ClearPendingIRQ), (8 bytes).
    Removing stm32l4xx_hal_cortex.o(.text.__NVIC_ClearPendingIRQ), (32 bytes).
    Removing stm32l4xx_hal_cortex.o(.ARM.exidx.text.__NVIC_ClearPendingIRQ), (8 bytes).
    Removing stm32l4xx_hal_cortex.o(.text.HAL_NVIC_GetActive), (8 bytes).
    Removing stm32l4xx_hal_cortex.o(.ARM.exidx.text.HAL_NVIC_GetActive), (8 bytes).
    Removing stm32l4xx_hal_cortex.o(.text.__NVIC_GetActive), (36 bytes).
    Removing stm32l4xx_hal_cortex.o(.ARM.exidx.text.__NVIC_GetActive), (8 bytes).
    Removing stm32l4xx_hal_cortex.o(.text.HAL_SYSTICK_CLKSourceConfig), (24 bytes).
    Removing stm32l4xx_hal_cortex.o(.ARM.exidx.text.HAL_SYSTICK_CLKSourceConfig), (8 bytes).
    Removing stm32l4xx_hal_cortex.o(.text.HAL_SYSTICK_IRQHandler), (8 bytes).
    Removing stm32l4xx_hal_cortex.o(.ARM.exidx.text.HAL_SYSTICK_IRQHandler), (8 bytes).
    Removing stm32l4xx_hal_cortex.o(.text.HAL_SYSTICK_Callback), (2 bytes).
    Removing stm32l4xx_hal_cortex.o(.ARM.exidx.text.HAL_SYSTICK_Callback), (8 bytes).
    Removing stm32l4xx_hal_cortex.o(.text.HAL_MPU_Enable), (24 bytes).
    Removing stm32l4xx_hal_cortex.o(.ARM.exidx.text.HAL_MPU_Enable), (8 bytes).
    Removing stm32l4xx_hal_cortex.o(.text.HAL_MPU_Disable), (18 bytes).
    Removing stm32l4xx_hal_cortex.o(.ARM.exidx.text.HAL_MPU_Disable), (8 bytes).
    Removing stm32l4xx_hal_cortex.o(.text.HAL_MPU_ConfigRegion), (94 bytes).
    Removing stm32l4xx_hal_cortex.o(.ARM.exidx.text.HAL_MPU_ConfigRegion), (8 bytes).
    Removing stm32l4xx_hal_exti.o(.text), (0 bytes).
    Removing stm32l4xx_hal_exti.o(.text.HAL_EXTI_SetConfigLine), (214 bytes).
    Removing stm32l4xx_hal_exti.o(.ARM.exidx.text.HAL_EXTI_SetConfigLine), (8 bytes).
    Removing stm32l4xx_hal_exti.o(.text.HAL_EXTI_GetConfigLine), (172 bytes).
    Removing stm32l4xx_hal_exti.o(.ARM.exidx.text.HAL_EXTI_GetConfigLine), (8 bytes).
    Removing stm32l4xx_hal_exti.o(.text.HAL_EXTI_ClearConfigLine), (146 bytes).
    Removing stm32l4xx_hal_exti.o(.ARM.exidx.text.HAL_EXTI_ClearConfigLine), (8 bytes).
    Removing stm32l4xx_hal_exti.o(.text.HAL_EXTI_RegisterCallback), (12 bytes).
    Removing stm32l4xx_hal_exti.o(.ARM.exidx.text.HAL_EXTI_RegisterCallback), (8 bytes).
    Removing stm32l4xx_hal_exti.o(.text.HAL_EXTI_GetHandle), (12 bytes).
    Removing stm32l4xx_hal_exti.o(.ARM.exidx.text.HAL_EXTI_GetHandle), (8 bytes).
    Removing stm32l4xx_hal_exti.o(.text.HAL_EXTI_IRQHandler), (54 bytes).
    Removing stm32l4xx_hal_exti.o(.ARM.exidx.text.HAL_EXTI_IRQHandler), (8 bytes).
    Removing stm32l4xx_hal_exti.o(.text.HAL_EXTI_GetPending), (32 bytes).
    Removing stm32l4xx_hal_exti.o(.ARM.exidx.text.HAL_EXTI_GetPending), (8 bytes).
    Removing stm32l4xx_hal_exti.o(.text.HAL_EXTI_ClearPending), (30 bytes).
    Removing stm32l4xx_hal_exti.o(.ARM.exidx.text.HAL_EXTI_ClearPending), (8 bytes).
    Removing stm32l4xx_hal_exti.o(.text.HAL_EXTI_GenerateSWI), (30 bytes).
    Removing stm32l4xx_hal_exti.o(.ARM.exidx.text.HAL_EXTI_GenerateSWI), (8 bytes).
    Removing system_stm32l4xx.o(.text), (0 bytes).
    Removing system_stm32l4xx.o(.ARM.exidx.text.SystemInit), (8 bytes).
    Removing system_stm32l4xx.o(.text.SystemCoreClockUpdate), (190 bytes).
    Removing system_stm32l4xx.o(.ARM.exidx.text.SystemCoreClockUpdate), (8 bytes).
    Removing system_stm32l4xx.o(.rodata.APBPrescTable), (8 bytes).
    Removing bsp_i2c.o(.text), (0 bytes).
    Removing bsp_i2c.o(.ARM.exidx.text.I2C_Start), (8 bytes).
    Removing bsp_i2c.o(.ARM.exidx.text.I2C_Stop), (8 bytes).
    Removing bsp_i2c.o(.ARM.exidx.text.I2C_SendByte), (8 bytes).
    Removing bsp_i2c.o(.ARM.exidx.text.I2C_ReadByte), (8 bytes).
    Removing bsp_i2c.o(.ARM.exidx.text.I2C_NAck), (8 bytes).
    Removing bsp_i2c.o(.ARM.exidx.text.I2C_Ack), (8 bytes).
    Removing bsp_i2c.o(.ARM.exidx.text.I2C_WaitAck), (8 bytes).
    Removing bsp_i2c.o(.text.I2C_InitGPIO), (8 bytes).
    Removing bsp_i2c.o(.ARM.exidx.text.I2C_InitGPIO), (8 bytes).
    Removing bsp_i2c.o(.text.I2C_CheckDevice), (30 bytes).
    Removing bsp_i2c.o(.ARM.exidx.text.I2C_CheckDevice), (8 bytes).
    Removing bsp_i2c.o(.ARM.exidx.text.VL6180X_WriteByte), (8 bytes).
    Removing bsp_i2c.o(.ARM.exidx.text.VL6180X_ReadByte), (8 bytes).
    Removing bsp_i2c.o(.ARM.exidx.text.VL6180X_Read_HalfWold), (8 bytes).
    Removing vl6180.o(.text), (0 bytes).
    Removing vl6180.o(.ARM.exidx.text.VL6180X_Read_ID), (8 bytes).
    Removing vl6180.o(.ARM.exidx.text.VL6180X_Init), (8 bytes).
    Removing vl6180.o(.ARM.exidx.text.VL6180X_Read_Range), (8 bytes).
    Removing vl6180.o(.ARM.exidx.text.VL6180X_Read_Lux), (8 bytes).

647 unused section(s) (total 28444 bytes) removed from the image.

==============================================================================

Image Symbol Table

    Local Symbols

    Symbol Name                              Value     Ov Type        Size  Object(Section)

    ../clib/microlib/init/entry.s            0x00000000   Number         0  entry.o ABSOLUTE
    ../clib/microlib/init/entry.s            0x00000000   Number         0  entry2.o ABSOLUTE
    ../clib/microlib/init/entry.s            0x00000000   Number         0  entry5.o ABSOLUTE
    ../clib/microlib/init/entry.s            0x00000000   Number         0  entry7a.o ABSOLUTE
    ../clib/microlib/init/entry.s            0x00000000   Number         0  entry7b.o ABSOLUTE
    ../clib/microlib/init/entry.s            0x00000000   Number         0  entry8a.o ABSOLUTE
    ../clib/microlib/init/entry.s            0x00000000   Number         0  entry8b.o ABSOLUTE
    ../clib/microlib/init/entry.s            0x00000000   Number         0  entry9a.o ABSOLUTE
    ../clib/microlib/init/entry.s            0x00000000   Number         0  entry9b.o ABSOLUTE
    ../clib/microlib/init/entry.s            0x00000000   Number         0  entry10a.o ABSOLUTE
    ../clib/microlib/init/entry.s            0x00000000   Number         0  entry10b.o ABSOLUTE
    ../clib/microlib/init/entry.s            0x00000000   Number         0  entry11a.o ABSOLUTE
    ../clib/microlib/init/entry.s            0x00000000   Number         0  entry11b.o ABSOLUTE
    ../clib/microlib/string/memset.c         0x00000000   Number         0  memseta.o ABSOLUTE
    VL6180.c                                 0x00000000   Number         0  vl6180.o ABSOLUTE
    bsp_i2c.c                                0x00000000   Number         0  bsp_i2c.o ABSOLUTE
    dc.s                                     0x00000000   Number         0  dc.o ABSOLUTE
    gpio.c                                   0x00000000   Number         0  gpio.o ABSOLUTE
    handlers.s                               0x00000000   Number         0  handlers.o ABSOLUTE
    init.s                                   0x00000000   Number         0  init.o ABSOLUTE
    main.c                                   0x00000000   Number         0  main.o ABSOLUTE
    startup_stm32l476xx.s                    0x00000000   Number         0  startup_stm32l476xx.o ABSOLUTE
    stm32l4xx_hal.c                          0x00000000   Number         0  stm32l4xx_hal.o ABSOLUTE
    stm32l4xx_hal_cortex.c                   0x00000000   Number         0  stm32l4xx_hal_cortex.o ABSOLUTE
    stm32l4xx_hal_dma.c                      0x00000000   Number         0  stm32l4xx_hal_dma.o ABSOLUTE
    stm32l4xx_hal_dma_ex.c                   0x00000000   Number         0  stm32l4xx_hal_dma_ex.o ABSOLUTE
    stm32l4xx_hal_exti.c                     0x00000000   Number         0  stm32l4xx_hal_exti.o ABSOLUTE
    stm32l4xx_hal_flash.c                    0x00000000   Number         0  stm32l4xx_hal_flash.o ABSOLUTE
    stm32l4xx_hal_flash_ex.c                 0x00000000   Number         0  stm32l4xx_hal_flash_ex.o ABSOLUTE
    stm32l4xx_hal_flash_ramfunc.c            0x00000000   Number         0  stm32l4xx_hal_flash_ramfunc.o ABSOLUTE
    stm32l4xx_hal_gpio.c                     0x00000000   Number         0  stm32l4xx_hal_gpio.o ABSOLUTE
    stm32l4xx_hal_i2c.c                      0x00000000   Number         0  stm32l4xx_hal_i2c.o ABSOLUTE
    stm32l4xx_hal_i2c_ex.c                   0x00000000   Number         0  stm32l4xx_hal_i2c_ex.o ABSOLUTE
    stm32l4xx_hal_msp.c                      0x00000000   Number         0  stm32l4xx_hal_msp.o ABSOLUTE
    stm32l4xx_hal_pwr.c                      0x00000000   Number         0  stm32l4xx_hal_pwr.o ABSOLUTE
    stm32l4xx_hal_pwr_ex.c                   0x00000000   Number         0  stm32l4xx_hal_pwr_ex.o ABSOLUTE
    stm32l4xx_hal_rcc.c                      0x00000000   Number         0  stm32l4xx_hal_rcc.o ABSOLUTE
    stm32l4xx_hal_rcc_ex.c                   0x00000000   Number         0  stm32l4xx_hal_rcc_ex.o ABSOLUTE
    stm32l4xx_hal_tim.c                      0x00000000   Number         0  stm32l4xx_hal_tim.o ABSOLUTE
    stm32l4xx_hal_tim_ex.c                   0x00000000   Number         0  stm32l4xx_hal_tim_ex.o ABSOLUTE
    stm32l4xx_it.c                           0x00000000   Number         0  stm32l4xx_it.o ABSOLUTE
    system_stm32l4xx.c                       0x00000000   Number         0  system_stm32l4xx.o ABSOLUTE
    RESET                                    0x08000000   Section      392  startup_stm32l476xx.o(RESET)
    .ARM.Collect$$$$00000000                 0x08000188   Section        0  entry.o(.ARM.Collect$$$$00000000)
    .ARM.Collect$$$$00000001                 0x08000188   Section        4  entry2.o(.ARM.Collect$$$$00000001)
    .ARM.Collect$$$$00000004                 0x0800018c   Section        4  entry5.o(.ARM.Collect$$$$00000004)
    .ARM.Collect$$$$00000008                 0x08000190   Section        0  entry7b.o(.ARM.Collect$$$$00000008)
    .ARM.Collect$$$$0000000A                 0x08000190   Section        0  entry8b.o(.ARM.Collect$$$$0000000A)
    .ARM.Collect$$$$0000000B                 0x08000190   Section        8  entry9a.o(.ARM.Collect$$$$0000000B)
    __lit__00000000                          0x08000198   Data           4  entry2.o(.ARM.Collect$$$$00002712)
    .ARM.Collect$$$$0000000D                 0x08000198   Section        0  entry10a.o(.ARM.Collect$$$$0000000D)
    .ARM.Collect$$$$0000000F                 0x08000198   Section        0  entry11a.o(.ARM.Collect$$$$0000000F)
    .ARM.Collect$$$$00002712                 0x08000198   Section        4  entry2.o(.ARM.Collect$$$$00002712)
    $v0                                      0x0800019c   Number         0  startup_stm32l476xx.o(.text)
    .text                                    0x0800019c   Section       36  startup_stm32l476xx.o(.text)
    .text                                    0x080001c0   Section        0  memseta.o(.text)
    .text                                    0x080001e4   Section       36  init.o(.text)
    [Anonymous Symbol]                       0x08000208   Section        0  stm32l4xx_it.o(.text.BusFault_Handler)
    [Anonymous Symbol]                       0x0800020c   Section        0  stm32l4xx_it.o(.text.DebugMon_Handler)
    [Anonymous Symbol]                       0x08000210   Section        0  main.o(.text.Error_Handler)
    [Anonymous Symbol]                       0x0800021c   Section        0  stm32l4xx_hal.o(.text.HAL_Delay)
    [Anonymous Symbol]                       0x08000244   Section        0  stm32l4xx_hal_gpio.o(.text.HAL_GPIO_Init)
    [Anonymous Symbol]                       0x08000404   Section        0  stm32l4xx_hal_gpio.o(.text.HAL_GPIO_ReadPin)
    [Anonymous Symbol]                       0x08000410   Section        0  stm32l4xx_hal_gpio.o(.text.HAL_GPIO_WritePin)
    [Anonymous Symbol]                       0x0800041c   Section        0  stm32l4xx_hal.o(.text.HAL_GetTick)
    [Anonymous Symbol]                       0x08000428   Section        0  stm32l4xx_hal.o(.text.HAL_IncTick)
    [Anonymous Symbol]                       0x08000444   Section        0  stm32l4xx_hal.o(.text.HAL_Init)
    [Anonymous Symbol]                       0x08000464   Section        0  stm32l4xx_hal.o(.text.HAL_InitTick)
    [Anonymous Symbol]                       0x080004bc   Section        0  stm32l4xx_hal_msp.o(.text.HAL_MspInit)
    [Anonymous Symbol]                       0x080004f0   Section        0  stm32l4xx_hal_cortex.o(.text.HAL_NVIC_SetPriority)
    [Anonymous Symbol]                       0x08000510   Section        0  stm32l4xx_hal_cortex.o(.text.HAL_NVIC_SetPriorityGrouping)
    [Anonymous Symbol]                       0x08000518   Section        0  stm32l4xx_hal_pwr_ex.o(.text.HAL_PWREx_ControlVoltageScaling)
    [Anonymous Symbol]                       0x08000590   Section        0  stm32l4xx_hal_pwr_ex.o(.text.HAL_PWREx_GetVoltageRange)
    [Anonymous Symbol]                       0x080005a0   Section        0  stm32l4xx_hal_rcc.o(.text.HAL_RCC_ClockConfig)
    [Anonymous Symbol]                       0x08000700   Section        0  stm32l4xx_hal_rcc.o(.text.HAL_RCC_GetSysClockFreq)
    [Anonymous Symbol]                       0x080007c0   Section        0  stm32l4xx_hal_rcc.o(.text.HAL_RCC_OscConfig)
    [Anonymous Symbol]                       0x08000d60   Section        0  stm32l4xx_hal_cortex.o(.text.HAL_SYSTICK_Config)
    [Anonymous Symbol]                       0x08000d68   Section        0  stm32l4xx_it.o(.text.HardFault_Handler)
    [Anonymous Symbol]                       0x08000d6c   Section        0  bsp_i2c.o(.text.I2C_Ack)
    [Anonymous Symbol]                       0x08000da8   Section        0  bsp_i2c.o(.text.I2C_NAck)
    [Anonymous Symbol]                       0x08000dd8   Section        0  bsp_i2c.o(.text.I2C_ReadByte)
    [Anonymous Symbol]                       0x08000e34   Section        0  bsp_i2c.o(.text.I2C_SendByte)
    [Anonymous Symbol]                       0x08000e88   Section        0  bsp_i2c.o(.text.I2C_Start)
    [Anonymous Symbol]                       0x08000ec4   Section        0  bsp_i2c.o(.text.I2C_Stop)
    [Anonymous Symbol]                       0x08000ef4   Section        0  bsp_i2c.o(.text.I2C_WaitAck)
    [Anonymous Symbol]                       0x08000f3c   Section        0  gpio.o(.text.MX_GPIO_Init)
    [Anonymous Symbol]                       0x08000fbc   Section        0  stm32l4xx_it.o(.text.MemManage_Handler)
    [Anonymous Symbol]                       0x08000fc0   Section        0  stm32l4xx_it.o(.text.NMI_Handler)
    NVIC_EncodePriority                      0x08000fc5   Thumb Code    44  stm32l4xx_hal_cortex.o(.text.NVIC_EncodePriority)
    [Anonymous Symbol]                       0x08000fc4   Section        0  stm32l4xx_hal_cortex.o(.text.NVIC_EncodePriority)
    [Anonymous Symbol]                       0x08000ff0   Section        0  stm32l4xx_it.o(.text.PendSV_Handler)
    RCC_SetFlashLatencyFromMSIRange          0x08000ff5   Thumb Code   142  stm32l4xx_hal_rcc.o(.text.RCC_SetFlashLatencyFromMSIRange)
    [Anonymous Symbol]                       0x08000ff4   Section        0  stm32l4xx_hal_rcc.o(.text.RCC_SetFlashLatencyFromMSIRange)
    [Anonymous Symbol]                       0x08001084   Section        0  stm32l4xx_it.o(.text.SVC_Handler)
    SysTick_Config                           0x08001089   Thumb Code    46  stm32l4xx_hal_cortex.o(.text.SysTick_Config)
    [Anonymous Symbol]                       0x08001088   Section        0  stm32l4xx_hal_cortex.o(.text.SysTick_Config)
    [Anonymous Symbol]                       0x080010b8   Section        0  stm32l4xx_it.o(.text.SysTick_Handler)
    [Anonymous Symbol]                       0x080010c0   Section        0  main.o(.text.SystemClock_Config)
    [Anonymous Symbol]                       0x08001130   Section        0  system_stm32l4xx.o(.text.SystemInit)
    [Anonymous Symbol]                       0x08001184   Section        0  stm32l4xx_it.o(.text.UsageFault_Handler)
    [Anonymous Symbol]                       0x08001188   Section        0  vl6180.o(.text.VL6180X_Init)
    [Anonymous Symbol]                       0x080012dc   Section        0  bsp_i2c.o(.text.VL6180X_ReadByte)
    [Anonymous Symbol]                       0x08001324   Section        0  bsp_i2c.o(.text.VL6180X_Read_HalfWold)
    [Anonymous Symbol]                       0x08001370   Section        0  vl6180.o(.text.VL6180X_Read_ID)
    [Anonymous Symbol]                       0x0800137c   Section        0  vl6180.o(.text.VL6180X_Read_Lux)
    [Anonymous Symbol]                       0x08001458   Section        0  vl6180.o(.text.VL6180X_Read_Range)
    [Anonymous Symbol]                       0x08001490   Section        0  bsp_i2c.o(.text.VL6180X_WriteByte)
    __NVIC_GetPriorityGrouping               0x080014dd   Thumb Code    16  stm32l4xx_hal_cortex.o(.text.__NVIC_GetPriorityGrouping)
    [Anonymous Symbol]                       0x080014dc   Section        0  stm32l4xx_hal_cortex.o(.text.__NVIC_GetPriorityGrouping)
    __NVIC_SetPriority                       0x080014ed   Thumb Code    34  stm32l4xx_hal_cortex.o(.text.__NVIC_SetPriority)
    [Anonymous Symbol]                       0x080014ec   Section        0  stm32l4xx_hal_cortex.o(.text.__NVIC_SetPriority)
    __NVIC_SetPriorityGrouping               0x08001511   Thumb Code    32  stm32l4xx_hal_cortex.o(.text.__NVIC_SetPriorityGrouping)
    [Anonymous Symbol]                       0x08001510   Section        0  stm32l4xx_hal_cortex.o(.text.__NVIC_SetPriorityGrouping)
    [Anonymous Symbol]                       0x08001530   Section        0  main.o(.text.main)
    i.__scatterload_copy                     0x08001594   Section       14  handlers.o(i.__scatterload_copy)
    i.__scatterload_null                     0x080015a2   Section        2  handlers.o(i.__scatterload_null)
    i.__scatterload_zeroinit                 0x080015a4   Section       14  handlers.o(i.__scatterload_zeroinit)
    STACK                                    0x20000020   Section     1024  startup_stm32l476xx.o(STACK)

    Global Symbols

    Symbol Name                              Value     Ov Type        Size  Object(Section)

    BuildAttributes$$THM_ISAv4$E$P$D$K$B$S$7EM$VFPi3$EXTD16$VFPS$VFMA$PE$A:L22UL41UL21$X:L11$S22US41US21$IEEE1$IW$~IW$USESV6$~STKCKD$USESV7$WCHAR32$ENUMINT$~SHL$OTIME$EBA8$MICROLIB$REQ8$PRES8$EABIv2 0x00000000   Number         0  anon$$obj.o ABSOLUTE
    __cpp_initialize__aeabi_                  - Undefined Weak Reference
    __cxa_finalize                            - Undefined Weak Reference
    __decompress                              - Undefined Weak Reference
    _clock_init                               - Undefined Weak Reference
    _microlib_exit                            - Undefined Weak Reference
    __Vectors_Size                           0x00000188   Number         0  startup_stm32l476xx.o ABSOLUTE
    __Vectors                                0x08000000   Data           4  startup_stm32l476xx.o(RESET)
    __Vectors_End                            0x08000188   Data           0  startup_stm32l476xx.o(RESET)
    __main                                   0x08000189   Thumb Code     0  entry.o(.ARM.Collect$$$$00000000)
    _main_stk                                0x08000189   Thumb Code     0  entry2.o(.ARM.Collect$$$$00000001)
    _main_scatterload                        0x0800018d   Thumb Code     0  entry5.o(.ARM.Collect$$$$00000004)
    __main_after_scatterload                 0x08000191   Thumb Code     0  entry5.o(.ARM.Collect$$$$00000004)
    _main_clock                              0x08000191   Thumb Code     0  entry7b.o(.ARM.Collect$$$$00000008)
    _main_cpp_init                           0x08000191   Thumb Code     0  entry8b.o(.ARM.Collect$$$$0000000A)
    _main_init                               0x08000191   Thumb Code     0  entry9a.o(.ARM.Collect$$$$0000000B)
    __rt_final_cpp                           0x08000199   Thumb Code     0  entry10a.o(.ARM.Collect$$$$0000000D)
    __rt_final_exit                          0x08000199   Thumb Code     0  entry11a.o(.ARM.Collect$$$$0000000F)
    Reset_Handler                            0x0800019d   Thumb Code     8  startup_stm32l476xx.o(.text)
    ADC1_2_IRQHandler                        0x080001b7   Thumb Code     0  startup_stm32l476xx.o(.text)
    ADC3_IRQHandler                          0x080001b7   Thumb Code     0  startup_stm32l476xx.o(.text)
    CAN1_RX0_IRQHandler                      0x080001b7   Thumb Code     0  startup_stm32l476xx.o(.text)
    CAN1_RX1_IRQHandler                      0x080001b7   Thumb Code     0  startup_stm32l476xx.o(.text)
    CAN1_SCE_IRQHandler                      0x080001b7   Thumb Code     0  startup_stm32l476xx.o(.text)
    CAN1_TX_IRQHandler                       0x080001b7   Thumb Code     0  startup_stm32l476xx.o(.text)
    COMP_IRQHandler                          0x080001b7   Thumb Code     0  startup_stm32l476xx.o(.text)
    DFSDM1_FLT0_IRQHandler                   0x080001b7   Thumb Code     0  startup_stm32l476xx.o(.text)
    DFSDM1_FLT1_IRQHandler                   0x080001b7   Thumb Code     0  startup_stm32l476xx.o(.text)
    DFSDM1_FLT2_IRQHandler                   0x080001b7   Thumb Code     0  startup_stm32l476xx.o(.text)
    DFSDM1_FLT3_IRQHandler                   0x080001b7   Thumb Code     0  startup_stm32l476xx.o(.text)
    DMA1_Channel1_IRQHandler                 0x080001b7   Thumb Code     0  startup_stm32l476xx.o(.text)
    DMA1_Channel2_IRQHandler                 0x080001b7   Thumb Code     0  startup_stm32l476xx.o(.text)
    DMA1_Channel3_IRQHandler                 0x080001b7   Thumb Code     0  startup_stm32l476xx.o(.text)
    DMA1_Channel4_IRQHandler                 0x080001b7   Thumb Code     0  startup_stm32l476xx.o(.text)
    DMA1_Channel5_IRQHandler                 0x080001b7   Thumb Code     0  startup_stm32l476xx.o(.text)
    DMA1_Channel6_IRQHandler                 0x080001b7   Thumb Code     0  startup_stm32l476xx.o(.text)
    DMA1_Channel7_IRQHandler                 0x080001b7   Thumb Code     0  startup_stm32l476xx.o(.text)
    DMA2_Channel1_IRQHandler                 0x080001b7   Thumb Code     0  startup_stm32l476xx.o(.text)
    DMA2_Channel2_IRQHandler                 0x080001b7   Thumb Code     0  startup_stm32l476xx.o(.text)
    DMA2_Channel3_IRQHandler                 0x080001b7   Thumb Code     0  startup_stm32l476xx.o(.text)
    DMA2_Channel4_IRQHandler                 0x080001b7   Thumb Code     0  startup_stm32l476xx.o(.text)
    DMA2_Channel5_IRQHandler                 0x080001b7   Thumb Code     0  startup_stm32l476xx.o(.text)
    DMA2_Channel6_IRQHandler                 0x080001b7   Thumb Code     0  startup_stm32l476xx.o(.text)
    DMA2_Channel7_IRQHandler                 0x080001b7   Thumb Code     0  startup_stm32l476xx.o(.text)
    EXTI0_IRQHandler                         0x080001b7   Thumb Code     0  startup_stm32l476xx.o(.text)
    EXTI15_10_IRQHandler                     0x080001b7   Thumb Code     0  startup_stm32l476xx.o(.text)
    EXTI1_IRQHandler                         0x080001b7   Thumb Code     0  startup_stm32l476xx.o(.text)
    EXTI2_IRQHandler                         0x080001b7   Thumb Code     0  startup_stm32l476xx.o(.text)
    EXTI3_IRQHandler                         0x080001b7   Thumb Code     0  startup_stm32l476xx.o(.text)
    EXTI4_IRQHandler                         0x080001b7   Thumb Code     0  startup_stm32l476xx.o(.text)
    EXTI9_5_IRQHandler                       0x080001b7   Thumb Code     0  startup_stm32l476xx.o(.text)
    FLASH_IRQHandler                         0x080001b7   Thumb Code     0  startup_stm32l476xx.o(.text)
    FMC_IRQHandler                           0x080001b7   Thumb Code     0  startup_stm32l476xx.o(.text)
    FPU_IRQHandler                           0x080001b7   Thumb Code     0  startup_stm32l476xx.o(.text)
    I2C1_ER_IRQHandler                       0x080001b7   Thumb Code     0  startup_stm32l476xx.o(.text)
    I2C1_EV_IRQHandler                       0x080001b7   Thumb Code     0  startup_stm32l476xx.o(.text)
    I2C2_ER_IRQHandler                       0x080001b7   Thumb Code     0  startup_stm32l476xx.o(.text)
    I2C2_EV_IRQHandler                       0x080001b7   Thumb Code     0  startup_stm32l476xx.o(.text)
    I2C3_ER_IRQHandler                       0x080001b7   Thumb Code     0  startup_stm32l476xx.o(.text)
    I2C3_EV_IRQHandler                       0x080001b7   Thumb Code     0  startup_stm32l476xx.o(.text)
    LCD_IRQHandler                           0x080001b7   Thumb Code     0  startup_stm32l476xx.o(.text)
    LPTIM1_IRQHandler                        0x080001b7   Thumb Code     0  startup_stm32l476xx.o(.text)
    LPTIM2_IRQHandler                        0x080001b7   Thumb Code     0  startup_stm32l476xx.o(.text)
    LPUART1_IRQHandler                       0x080001b7   Thumb Code     0  startup_stm32l476xx.o(.text)
    OTG_FS_IRQHandler                        0x080001b7   Thumb Code     0  startup_stm32l476xx.o(.text)
    PVD_PVM_IRQHandler                       0x080001b7   Thumb Code     0  startup_stm32l476xx.o(.text)
    QUADSPI_IRQHandler                       0x080001b7   Thumb Code     0  startup_stm32l476xx.o(.text)
    RCC_IRQHandler                           0x080001b7   Thumb Code     0  startup_stm32l476xx.o(.text)
    RNG_IRQHandler                           0x080001b7   Thumb Code     0  startup_stm32l476xx.o(.text)
    RTC_Alarm_IRQHandler                     0x080001b7   Thumb Code     0  startup_stm32l476xx.o(.text)
    RTC_WKUP_IRQHandler                      0x080001b7   Thumb Code     0  startup_stm32l476xx.o(.text)
    SAI1_IRQHandler                          0x080001b7   Thumb Code     0  startup_stm32l476xx.o(.text)
    SAI2_IRQHandler                          0x080001b7   Thumb Code     0  startup_stm32l476xx.o(.text)
    SDMMC1_IRQHandler                        0x080001b7   Thumb Code     0  startup_stm32l476xx.o(.text)
    SPI1_IRQHandler                          0x080001b7   Thumb Code     0  startup_stm32l476xx.o(.text)
    SPI2_IRQHandler                          0x080001b7   Thumb Code     0  startup_stm32l476xx.o(.text)
    SPI3_IRQHandler                          0x080001b7   Thumb Code     0  startup_stm32l476xx.o(.text)
    SWPMI1_IRQHandler                        0x080001b7   Thumb Code     0  startup_stm32l476xx.o(.text)
    TAMP_STAMP_IRQHandler                    0x080001b7   Thumb Code     0  startup_stm32l476xx.o(.text)
    TIM1_BRK_TIM15_IRQHandler                0x080001b7   Thumb Code     0  startup_stm32l476xx.o(.text)
    TIM1_CC_IRQHandler                       0x080001b7   Thumb Code     0  startup_stm32l476xx.o(.text)
    TIM1_TRG_COM_TIM17_IRQHandler            0x080001b7   Thumb Code     0  startup_stm32l476xx.o(.text)
    TIM1_UP_TIM16_IRQHandler                 0x080001b7   Thumb Code     0  startup_stm32l476xx.o(.text)
    TIM2_IRQHandler                          0x080001b7   Thumb Code     0  startup_stm32l476xx.o(.text)
    TIM3_IRQHandler                          0x080001b7   Thumb Code     0  startup_stm32l476xx.o(.text)
    TIM4_IRQHandler                          0x080001b7   Thumb Code     0  startup_stm32l476xx.o(.text)
    TIM5_IRQHandler                          0x080001b7   Thumb Code     0  startup_stm32l476xx.o(.text)
    TIM6_DAC_IRQHandler                      0x080001b7   Thumb Code     0  startup_stm32l476xx.o(.text)
    TIM7_IRQHandler                          0x080001b7   Thumb Code     0  startup_stm32l476xx.o(.text)
    TIM8_BRK_IRQHandler                      0x080001b7   Thumb Code     0  startup_stm32l476xx.o(.text)
    TIM8_CC_IRQHandler                       0x080001b7   Thumb Code     0  startup_stm32l476xx.o(.text)
    TIM8_TRG_COM_IRQHandler                  0x080001b7   Thumb Code     0  startup_stm32l476xx.o(.text)
    TIM8_UP_IRQHandler                       0x080001b7   Thumb Code     0  startup_stm32l476xx.o(.text)
    TSC_IRQHandler                           0x080001b7   Thumb Code     0  startup_stm32l476xx.o(.text)
    UART4_IRQHandler                         0x080001b7   Thumb Code     0  startup_stm32l476xx.o(.text)
    UART5_IRQHandler                         0x080001b7   Thumb Code     0  startup_stm32l476xx.o(.text)
    USART1_IRQHandler                        0x080001b7   Thumb Code     0  startup_stm32l476xx.o(.text)
    USART2_IRQHandler                        0x080001b7   Thumb Code     0  startup_stm32l476xx.o(.text)
    USART3_IRQHandler                        0x080001b7   Thumb Code     0  startup_stm32l476xx.o(.text)
    WWDG_IRQHandler                          0x080001b7   Thumb Code     0  startup_stm32l476xx.o(.text)
    __aeabi_memset                           0x080001c1   Thumb Code    14  memseta.o(.text)
    __aeabi_memset4                          0x080001c1   Thumb Code     0  memseta.o(.text)
    __aeabi_memset8                          0x080001c1   Thumb Code     0  memseta.o(.text)
    __aeabi_memclr                           0x080001cf   Thumb Code     4  memseta.o(.text)
    __aeabi_memclr4                          0x080001cf   Thumb Code     0  memseta.o(.text)
    __aeabi_memclr8                          0x080001cf   Thumb Code     0  memseta.o(.text)
    _memset$wrapper                          0x080001d3   Thumb Code    18  memseta.o(.text)
    __scatterload                            0x080001e5   Thumb Code    28  init.o(.text)
    __scatterload_rt2                        0x080001e5   Thumb Code     0  init.o(.text)
    BusFault_Handler                         0x08000209   Thumb Code     2  stm32l4xx_it.o(.text.BusFault_Handler)
    DebugMon_Handler                         0x0800020d   Thumb Code     2  stm32l4xx_it.o(.text.DebugMon_Handler)
    Error_Handler                            0x08000211   Thumb Code    10  main.o(.text.Error_Handler)
    HAL_Delay                                0x0800021d   Thumb Code    40  stm32l4xx_hal.o(.text.HAL_Delay)
    HAL_GPIO_Init                            0x08000245   Thumb Code   442  stm32l4xx_hal_gpio.o(.text.HAL_GPIO_Init)
    HAL_GPIO_ReadPin                         0x08000405   Thumb Code    10  stm32l4xx_hal_gpio.o(.text.HAL_GPIO_ReadPin)
    HAL_GPIO_WritePin                        0x08000411   Thumb Code    12  stm32l4xx_hal_gpio.o(.text.HAL_GPIO_WritePin)
    HAL_GetTick                              0x0800041d   Thumb Code    12  stm32l4xx_hal.o(.text.HAL_GetTick)
    HAL_IncTick                              0x08000429   Thumb Code    26  stm32l4xx_hal.o(.text.HAL_IncTick)
    HAL_Init                                 0x08000445   Thumb Code    30  stm32l4xx_hal.o(.text.HAL_Init)
    HAL_InitTick                             0x08000465   Thumb Code    86  stm32l4xx_hal.o(.text.HAL_InitTick)
    HAL_MspInit                              0x080004bd   Thumb Code    50  stm32l4xx_hal_msp.o(.text.HAL_MspInit)
    HAL_NVIC_SetPriority                     0x080004f1   Thumb Code    30  stm32l4xx_hal_cortex.o(.text.HAL_NVIC_SetPriority)
    HAL_NVIC_SetPriorityGrouping             0x08000511   Thumb Code     8  stm32l4xx_hal_cortex.o(.text.HAL_NVIC_SetPriorityGrouping)
    HAL_PWREx_ControlVoltageScaling          0x08000519   Thumb Code   118  stm32l4xx_hal_pwr_ex.o(.text.HAL_PWREx_ControlVoltageScaling)
    HAL_PWREx_GetVoltageRange                0x08000591   Thumb Code    16  stm32l4xx_hal_pwr_ex.o(.text.HAL_PWREx_GetVoltageRange)
    HAL_RCC_ClockConfig                      0x080005a1   Thumb Code   352  stm32l4xx_hal_rcc.o(.text.HAL_RCC_ClockConfig)
    HAL_RCC_GetSysClockFreq                  0x08000701   Thumb Code   192  stm32l4xx_hal_rcc.o(.text.HAL_RCC_GetSysClockFreq)
    HAL_RCC_OscConfig                        0x080007c1   Thumb Code  1438  stm32l4xx_hal_rcc.o(.text.HAL_RCC_OscConfig)
    HAL_SYSTICK_Config                       0x08000d61   Thumb Code     8  stm32l4xx_hal_cortex.o(.text.HAL_SYSTICK_Config)
    HardFault_Handler                        0x08000d69   Thumb Code     2  stm32l4xx_it.o(.text.HardFault_Handler)
    I2C_Ack                                  0x08000d6d   Thumb Code    60  bsp_i2c.o(.text.I2C_Ack)
    I2C_NAck                                 0x08000da9   Thumb Code    48  bsp_i2c.o(.text.I2C_NAck)
    I2C_ReadByte                             0x08000dd9   Thumb Code    90  bsp_i2c.o(.text.I2C_ReadByte)
    I2C_SendByte                             0x08000e35   Thumb Code    84  bsp_i2c.o(.text.I2C_SendByte)
    I2C_Start                                0x08000e89   Thumb Code    60  bsp_i2c.o(.text.I2C_Start)
    I2C_Stop                                 0x08000ec5   Thumb Code    48  bsp_i2c.o(.text.I2C_Stop)
    I2C_WaitAck                              0x08000ef5   Thumb Code    70  bsp_i2c.o(.text.I2C_WaitAck)
    MX_GPIO_Init                             0x08000f3d   Thumb Code   126  gpio.o(.text.MX_GPIO_Init)
    MemManage_Handler                        0x08000fbd   Thumb Code     2  stm32l4xx_it.o(.text.MemManage_Handler)
    NMI_Handler                              0x08000fc1   Thumb Code     2  stm32l4xx_it.o(.text.NMI_Handler)
    PendSV_Handler                           0x08000ff1   Thumb Code     2  stm32l4xx_it.o(.text.PendSV_Handler)
    SVC_Handler                              0x08001085   Thumb Code     2  stm32l4xx_it.o(.text.SVC_Handler)
    SysTick_Handler                          0x080010b9   Thumb Code     8  stm32l4xx_it.o(.text.SysTick_Handler)
    SystemClock_Config                       0x080010c1   Thumb Code   112  main.o(.text.SystemClock_Config)
    SystemInit                               0x08001131   Thumb Code    82  system_stm32l4xx.o(.text.SystemInit)
    UsageFault_Handler                       0x08001185   Thumb Code     2  stm32l4xx_it.o(.text.UsageFault_Handler)
    VL6180X_Init                             0x08001189   Thumb Code   340  vl6180.o(.text.VL6180X_Init)
    VL6180X_ReadByte                         0x080012dd   Thumb Code    70  bsp_i2c.o(.text.VL6180X_ReadByte)
    VL6180X_Read_HalfWold                    0x08001325   Thumb Code    76  bsp_i2c.o(.text.VL6180X_Read_HalfWold)
    VL6180X_Read_ID                          0x08001371   Thumb Code    10  vl6180.o(.text.VL6180X_Read_ID)
    VL6180X_Read_Lux                         0x0800137d   Thumb Code   220  vl6180.o(.text.VL6180X_Read_Lux)
    VL6180X_Read_Range                       0x08001459   Thumb Code    54  vl6180.o(.text.VL6180X_Read_Range)
    VL6180X_WriteByte                        0x08001491   Thumb Code    76  bsp_i2c.o(.text.VL6180X_WriteByte)
    main                                     0x08001531   Thumb Code   100  main.o(.text.main)
    __scatterload_copy                       0x08001595   Thumb Code    14  handlers.o(i.__scatterload_copy)
    __scatterload_null                       0x080015a3   Thumb Code     2  handlers.o(i.__scatterload_null)
    __scatterload_zeroinit                   0x080015a5   Thumb Code    14  handlers.o(i.__scatterload_zeroinit)
    AHBPrescTable                            0x080015b2   Data          16  system_stm32l4xx.o(.rodata.AHBPrescTable)
    MSIRangeTable                            0x080015c4   Data          48  system_stm32l4xx.o(.rodata.MSIRangeTable)
    Region$$Table$$Base                      0x080015f4   Number         0  anon$$obj.o(Region$$Table)
    Region$$Table$$Limit                     0x08001614   Number         0  anon$$obj.o(Region$$Table)
    SystemCoreClock                          0x20000000   Data           4  system_stm32l4xx.o(.data.SystemCoreClock)
    uwTickFreq                               0x20000004   Data           4  stm32l4xx_hal.o(.data.uwTickFreq)
    uwTickPrio                               0x20000008   Data           4  stm32l4xx_hal.o(.data.uwTickPrio)
    init_flag                                0x20000010   Data           2  main.o(.bss.init_flag)
    light                                    0x20000014   Data           4  main.o(.bss.light)
    name                                     0x20000018   Data           1  main.o(.bss.name)
    range                                    0x20000019   Data           1  main.o(.bss.range)
    uwTick                                   0x2000001c   Data           4  stm32l4xx_hal.o(.bss.uwTick)
    __initial_sp                             0x20000420   Data           0  startup_stm32l476xx.o(STACK)



==============================================================================

Memory Map of the image

  Image Entry point : 0x08000189

  Load Region LR_IROM1 (Base: 0x08000000, Size: 0x00001628, Max: 0x00100000, ABSOLUTE)

    Execution Region ER_IROM1 (Exec base: 0x08000000, Load base: 0x08000000, Size: 0x00001614, Max: 0x00100000, ABSOLUTE)

    Exec Addr    Load Addr    Size         Type   Attr      Idx    E Section Name        Object

    0x08000000   0x08000000   0x00000188   Data   RO            3    RESET               startup_stm32l476xx.o
    0x08000188   0x08000188   0x00000000   Code   RO          858  * .ARM.Collect$$$$00000000  mc_w.l(entry.o)
    0x08000188   0x08000188   0x00000004   Code   RO          863    .ARM.Collect$$$$00000001  mc_w.l(entry2.o)
    0x0800018c   0x0800018c   0x00000004   Code   RO          866    .ARM.Collect$$$$00000004  mc_w.l(entry5.o)
    0x08000190   0x08000190   0x00000000   Code   RO          868    .ARM.Collect$$$$00000008  mc_w.l(entry7b.o)
    0x08000190   0x08000190   0x00000000   Code   RO          870    .ARM.Collect$$$$0000000A  mc_w.l(entry8b.o)
    0x08000190   0x08000190   0x00000008   Code   RO          871    .ARM.Collect$$$$0000000B  mc_w.l(entry9a.o)
    0x08000198   0x08000198   0x00000000   Code   RO          873    .ARM.Collect$$$$0000000D  mc_w.l(entry10a.o)
    0x08000198   0x08000198   0x00000000   Code   RO          875    .ARM.Collect$$$$0000000F  mc_w.l(entry11a.o)
    0x08000198   0x08000198   0x00000004   Code   RO          864    .ARM.Collect$$$$00002712  mc_w.l(entry2.o)
    0x0800019c   0x0800019c   0x00000024   Code   RO            4    .text               startup_stm32l476xx.o
    0x080001c0   0x080001c0   0x00000024   Code   RO          861    .text               mc_w.l(memseta.o)
    0x080001e4   0x080001e4   0x00000024   Code   RO          877    .text               mc_w.l(init.o)
    0x08000208   0x08000208   0x00000002   Code   RO           44    .text.BusFault_Handler  stm32l4xx_it.o
    0x0800020a   0x0800020a   0x00000002   PAD
    0x0800020c   0x0800020c   0x00000002   Code   RO           50    .text.DebugMon_Handler  stm32l4xx_it.o
    0x0800020e   0x0800020e   0x00000002   PAD
    0x08000210   0x08000210   0x0000000a   Code   RO           15    .text.Error_Handler  main.o
    0x0800021a   0x0800021a   0x00000002   PAD
    0x0800021c   0x0800021c   0x00000028   Code   RO           93    .text.HAL_Delay     stm32l4xx_hal.o
    0x08000244   0x08000244   0x000001c0   Code   RO          512    .text.HAL_GPIO_Init  stm32l4xx_hal_gpio.o
    0x08000404   0x08000404   0x0000000a   Code   RO          516    .text.HAL_GPIO_ReadPin  stm32l4xx_hal_gpio.o
    0x0800040e   0x0800040e   0x00000002   PAD
    0x08000410   0x08000410   0x0000000c   Code   RO          518    .text.HAL_GPIO_WritePin  stm32l4xx_hal_gpio.o
    0x0800041c   0x0800041c   0x0000000c   Code   RO           85    .text.HAL_GetTick   stm32l4xx_hal.o
    0x08000428   0x08000428   0x0000001a   Code   RO           83    .text.HAL_IncTick   stm32l4xx_hal.o
    0x08000442   0x08000442   0x00000002   PAD
    0x08000444   0x08000444   0x0000001e   Code   RO           73    .text.HAL_Init      stm32l4xx_hal.o
    0x08000462   0x08000462   0x00000002   PAD
    0x08000464   0x08000464   0x00000056   Code   RO           75    .text.HAL_InitTick  stm32l4xx_hal.o
    0x080004ba   0x080004ba   0x00000002   PAD
    0x080004bc   0x080004bc   0x00000032   Code   RO           63    .text.HAL_MspInit   stm32l4xx_hal_msp.o
    0x080004ee   0x080004ee   0x00000002   PAD
    0x080004f0   0x080004f0   0x0000001e   Code   RO          701    .text.HAL_NVIC_SetPriority  stm32l4xx_hal_cortex.o
    0x0800050e   0x0800050e   0x00000002   PAD
    0x08000510   0x08000510   0x00000008   Code   RO          697    .text.HAL_NVIC_SetPriorityGrouping  stm32l4xx_hal_cortex.o
    0x08000518   0x08000518   0x00000076   Code   RO          613    .text.HAL_PWREx_ControlVoltageScaling  stm32l4xx_hal_pwr_ex.o
    0x0800058e   0x0800058e   0x00000002   PAD
    0x08000590   0x08000590   0x00000010   Code   RO          611    .text.HAL_PWREx_GetVoltageRange  stm32l4xx_hal_pwr_ex.o
    0x080005a0   0x080005a0   0x00000160   Code   RO          348    .text.HAL_RCC_ClockConfig  stm32l4xx_hal_rcc.o
    0x08000700   0x08000700   0x000000c0   Code   RO          346    .text.HAL_RCC_GetSysClockFreq  stm32l4xx_hal_rcc.o
    0x080007c0   0x080007c0   0x0000059e   Code   RO          342    .text.HAL_RCC_OscConfig  stm32l4xx_hal_rcc.o
    0x08000d5e   0x08000d5e   0x00000002   PAD
    0x08000d60   0x08000d60   0x00000008   Code   RO          721    .text.HAL_SYSTICK_Config  stm32l4xx_hal_cortex.o
    0x08000d68   0x08000d68   0x00000002   Code   RO           40    .text.HardFault_Handler  stm32l4xx_it.o
    0x08000d6a   0x08000d6a   0x00000002   PAD
    0x08000d6c   0x08000d6c   0x0000003c   Code   RO          821    .text.I2C_Ack       bsp_i2c.o
    0x08000da8   0x08000da8   0x00000030   Code   RO          819    .text.I2C_NAck      bsp_i2c.o
    0x08000dd8   0x08000dd8   0x0000005a   Code   RO          817    .text.I2C_ReadByte  bsp_i2c.o
    0x08000e32   0x08000e32   0x00000002   PAD
    0x08000e34   0x08000e34   0x00000054   Code   RO          815    .text.I2C_SendByte  bsp_i2c.o
    0x08000e88   0x08000e88   0x0000003c   Code   RO          811    .text.I2C_Start     bsp_i2c.o
    0x08000ec4   0x08000ec4   0x00000030   Code   RO          813    .text.I2C_Stop      bsp_i2c.o
    0x08000ef4   0x08000ef4   0x00000046   Code   RO          823    .text.I2C_WaitAck   bsp_i2c.o
    0x08000f3a   0x08000f3a   0x00000002   PAD
    0x08000f3c   0x08000f3c   0x0000007e   Code   RO           29    .text.MX_GPIO_Init  gpio.o
    0x08000fba   0x08000fba   0x00000002   PAD
    0x08000fbc   0x08000fbc   0x00000002   Code   RO           42    .text.MemManage_Handler  stm32l4xx_it.o
    0x08000fbe   0x08000fbe   0x00000002   PAD
    0x08000fc0   0x08000fc0   0x00000002   Code   RO           38    .text.NMI_Handler   stm32l4xx_it.o
    0x08000fc2   0x08000fc2   0x00000002   PAD
    0x08000fc4   0x08000fc4   0x0000002c   Code   RO          707    .text.NVIC_EncodePriority  stm32l4xx_hal_cortex.o
    0x08000ff0   0x08000ff0   0x00000002   Code   RO           52    .text.PendSV_Handler  stm32l4xx_it.o
    0x08000ff2   0x08000ff2   0x00000002   PAD
    0x08000ff4   0x08000ff4   0x0000008e   Code   RO          344    .text.RCC_SetFlashLatencyFromMSIRange  stm32l4xx_hal_rcc.o
    0x08001082   0x08001082   0x00000002   PAD
    0x08001084   0x08001084   0x00000002   Code   RO           48    .text.SVC_Handler   stm32l4xx_it.o
    0x08001086   0x08001086   0x00000002   PAD
    0x08001088   0x08001088   0x0000002e   Code   RO          723    .text.SysTick_Config  stm32l4xx_hal_cortex.o
    0x080010b6   0x080010b6   0x00000002   PAD
    0x080010b8   0x080010b8   0x00000008   Code   RO           54    .text.SysTick_Handler  stm32l4xx_it.o
    0x080010c0   0x080010c0   0x00000070   Code   RO           13    .text.SystemClock_Config  main.o
    0x08001130   0x08001130   0x00000052   Code   RO          795    .text.SystemInit    system_stm32l4xx.o
    0x08001182   0x08001182   0x00000002   PAD
    0x08001184   0x08001184   0x00000002   Code   RO           46    .text.UsageFault_Handler  stm32l4xx_it.o
    0x08001186   0x08001186   0x00000002   PAD
    0x08001188   0x08001188   0x00000154   Code   RO          845    .text.VL6180X_Init  vl6180.o
    0x080012dc   0x080012dc   0x00000046   Code   RO          831    .text.VL6180X_ReadByte  bsp_i2c.o
    0x08001322   0x08001322   0x00000002   PAD
    0x08001324   0x08001324   0x0000004c   Code   RO          833    .text.VL6180X_Read_HalfWold  bsp_i2c.o
    0x08001370   0x08001370   0x0000000a   Code   RO          843    .text.VL6180X_Read_ID  vl6180.o
    0x0800137a   0x0800137a   0x00000002   PAD
    0x0800137c   0x0800137c   0x000000dc   Code   RO          849    .text.VL6180X_Read_Lux  vl6180.o
    0x08001458   0x08001458   0x00000036   Code   RO          847    .text.VL6180X_Read_Range  vl6180.o
    0x0800148e   0x0800148e   0x00000002   PAD
    0x08001490   0x08001490   0x0000004c   Code   RO          829    .text.VL6180X_WriteByte  bsp_i2c.o
    0x080014dc   0x080014dc   0x00000010   Code   RO          703    .text.__NVIC_GetPriorityGrouping  stm32l4xx_hal_cortex.o
    0x080014ec   0x080014ec   0x00000022   Code   RO          705    .text.__NVIC_SetPriority  stm32l4xx_hal_cortex.o
    0x0800150e   0x0800150e   0x00000002   PAD
    0x08001510   0x08001510   0x00000020   Code   RO          699    .text.__NVIC_SetPriorityGrouping  stm32l4xx_hal_cortex.o
    0x08001530   0x08001530   0x00000064   Code   RO           11    .text.main          main.o
    0x08001594   0x08001594   0x0000000e   Code   RO          881    i.__scatterload_copy  mc_w.l(handlers.o)
    0x080015a2   0x080015a2   0x00000002   Code   RO          882    i.__scatterload_null  mc_w.l(handlers.o)
    0x080015a4   0x080015a4   0x0000000e   Code   RO          883    i.__scatterload_zeroinit  mc_w.l(handlers.o)
    0x080015b2   0x080015b2   0x00000010   Data   RO          800    .rodata.AHBPrescTable  system_stm32l4xx.o
    0x080015c2   0x080015c2   0x00000002   PAD
    0x080015c4   0x080015c4   0x00000030   Data   RO          802    .rodata.MSIRangeTable  system_stm32l4xx.o
    0x080015f4   0x080015f4   0x00000020   Data   RO          880    Region$$Table       anon$$obj.o


    Execution Region RW_IRAM2 (Exec base: 0x10000000, Load base: 0x08001628, Size: 0x00000000, Max: 0x00008000, ABSOLUTE)

    **** No section assigned to this execution region ****


    Execution Region RW_IRAM1 (Exec base: 0x20000000, Load base: 0x08001618, Size: 0x00000420, Max: 0x00018000, ABSOLUTE)

    Exec Addr    Load Addr    Size         Type   Attr      Idx    E Section Name        Object

    0x20000000   0x08001618   0x00000004   Data   RW          799    .data.SystemCoreClock  system_stm32l4xx.o
    0x20000004   0x0800161c   0x00000004   Data   RW          144    .data.uwTickFreq    stm32l4xx_hal.o
    0x20000008   0x08001620   0x00000004   Data   RW          143    .data.uwTickPrio    stm32l4xx_hal.o
    0x2000000c   0x08001624   0x00000004   PAD
    0x20000010        -       0x00000002   Zero   RW           17    .bss.init_flag      main.o
    0x20000012   0x08001624   0x00000002   PAD
    0x20000014        -       0x00000004   Zero   RW           20    .bss.light          main.o
    0x20000018        -       0x00000001   Zero   RW           19    .bss.name           main.o
    0x20000019        -       0x00000001   Zero   RW           18    .bss.range          main.o
    0x2000001a   0x08001624   0x00000002   PAD
    0x2000001c        -       0x00000004   Zero   RW          145    .bss.uwTick         stm32l4xx_hal.o
    0x20000020        -       0x00000400   Zero   RW            1    STACK               startup_stm32l476xx.o


==============================================================================

Image component sizes


      Code (inc. data)   RO Data    RW Data    ZI Data      Debug   Object Name

       682          0          0          0          0       3540   bsp_i2c.o
       126          0          0          0          0       2261   gpio.o
       222          0          0          0          8       1919   main.o
        36          8        392          0       1024        804   startup_stm32l476xx.o
       194          0          0          8          4       8822   stm32l4xx_hal.o
       218          0          0          0          0      10632   stm32l4xx_hal_cortex.o
       470          0          0          0          0       5284   stm32l4xx_hal_gpio.o
        50          0          0          0          0       1528   stm32l4xx_hal_msp.o
       134          0          0          0          0       9436   stm32l4xx_hal_pwr_ex.o
      2124          0          0          0          0       9333   stm32l4xx_hal_rcc.o
        24          0          0          0          0       1001   stm32l4xx_it.o
        82          0         64          4          0       3123   system_stm32l4xx.o
       624         20          0          0          0       1264   vl6180.o

    ----------------------------------------------------------------------
      5040         28        490         12       1044      58947   Object Totals
         0          0         32          0          0          0   (incl. Generated)
        54          0          2          0          8          0   (incl. Padding)

    ----------------------------------------------------------------------

      Code (inc. data)   RO Data    RW Data    ZI Data      Debug   Library Member Name

         0          0          0          0          0          0   entry.o
         0          0          0          0          0          0   entry10a.o
         0          0          0          0          0          0   entry11a.o
         8          4          0          0          0          0   entry2.o
         4          0          0          0          0          0   entry5.o
         0          0          0          0          0          0   entry7b.o
         0          0          0          0          0          0   entry8b.o
         8          4          0          0          0          0   entry9a.o
        30          0          0          0          0          0   handlers.o
        36          8          0          0          0         68   init.o
        36          0          0          0          0        108   memseta.o

    ----------------------------------------------------------------------
       122         16          0          0          0        176   Library Totals
         0          0          0          0          0          0   (incl. Padding)

    ----------------------------------------------------------------------

      Code (inc. data)   RO Data    RW Data    ZI Data      Debug   Library Name

       122         16          0          0          0        176   mc_w.l

    ----------------------------------------------------------------------
       122         16          0          0          0        176   Library Totals

    ----------------------------------------------------------------------

==============================================================================


      Code (inc. data)   RO Data    RW Data    ZI Data      Debug   

      5162         44        490         12       1044      59151   Grand Totals
      5162         44        490         12       1044      59151   ELF Image Totals
      5162         44        490         12          0          0   ROM Totals

==============================================================================

    Total RO  Size (Code + RO Data)                 5652 (   5.52kB)
    Total RW  Size (RW Data + ZI Data)              1056 (   1.03kB)
    Total ROM Size (Code + RO Data + RW Data)       5664 (   5.53kB)

==============================================================================

